******************************************************************************
                  TI ARM Linker Unix v18.12.2                  
******************************************************************************
>> Linked Thu May 21 03:29:18 2020

OUTPUT FILE NAME:   <adcbufcontinuous_modified_CC2640R2_LAUNCHXL_tirtos_ccs.out>
ENTRY POINT SYMBOL: "ResetISR"  address: 00004e05


MEMORY CONFIGURATION

         name            origin    length      used     unused   attr    fill
----------------------  --------  ---------  --------  --------  ----  --------
  FLASH                 00000000   00020000  00006890  00019770  R  X
  SRAM                  20000000   00005000  00004acb  00000535  RW X


SEGMENT ALLOCATION MAP

run origin  load origin   length   init length attrs members
----------  ----------- ---------- ----------- ----- -------
00000000    00000000    00006840   00006840    r-x
  00000000    00000000    0000003c   0000003c    r-- .resetVecs
  0000003c    0000003c    00000fc4   00000fc4    r-x .text.1
  00001000    00001000    00000028   00000028    r-- .const:ti_sysbios_heaps_HeapMem_Module__FXNS__C
  00001028    00001028    00000024   00000024    r-- .const:ti_sysbios_gates_GateHwi_Module__FXNS__C
  0000104c    0000104c    00000024   00000024    r-- .const:ti_sysbios_gates_GateMutex_Module__FXNS__C
  00001070    00001070    00000020   00000020    r-- .const:ti_sysbios_family_arm_m3_Hwi_Object__DESC__C
  00001090    00001090    00000020   00000020    r-- .const:ti_sysbios_gates_GateHwi_Object__DESC__C
  000010b0    000010b0    00000020   00000020    r-- .const:ti_sysbios_gates_GateMutex_Object__DESC__C
  000010d0    000010d0    00000020   00000020    r-- .const:ti_sysbios_hal_Hwi_Object__DESC__C
  000010f0    000010f0    00000020   00000020    r-- .const:ti_sysbios_heaps_HeapMem_Object__DESC__C
  00001110    00001110    00000020   00000020    r-- .const:ti_sysbios_knl_Clock_Object__DESC__C
  00001130    00001130    00000020   00000020    r-- .const:ti_sysbios_knl_Event_Object__DESC__C
  00001150    00001150    00000020   00000020    r-- .const:ti_sysbios_knl_Mailbox_Object__DESC__C
  00001170    00001170    00000020   00000020    r-- .const:ti_sysbios_knl_Queue_Object__DESC__C
  00001190    00001190    00000020   00000020    r-- .const:ti_sysbios_knl_Semaphore_Object__DESC__C
  000011b0    000011b0    00000020   00000020    r-- .const:ti_sysbios_knl_Swi_Object__DESC__C
  000011d0    000011d0    00000020   00000020    r-- .const:ti_sysbios_knl_Task_Object__DESC__C
  000011f0    000011f0    00000008   00000008    r-- .const:ti_sysbios_knl_Idle_funcList__C
  000011f8    000011f8    00000004   00000004    r-- .const:ti_sysbios_family_arm_cc26xx_Timer_startupNeeded__C
  000011fc    000011fc    00000004   00000004    r-- .const:ti_sysbios_family_arm_m3_Hwi_E_alreadyDefined__C
  00001200    00001200    00000004   00000004    r-- .const:ti_sysbios_family_arm_m3_Hwi_E_hwiLimitExceeded__C
  00001204    00001204    00000004   00000004    r-- .const:ti_sysbios_family_arm_m3_Hwi_NUM_INTERRUPTS__C
  00001208    00001208    00000004   00000004    r-- .const:ti_sysbios_family_arm_m3_Hwi_Object__count__C
  0000120c    0000120c    00000004   00000004    r-- .const:ti_sysbios_family_arm_m3_Hwi_Object__table__C
  00001210    00001210    00000004   00000004    r-- .const:ti_sysbios_family_arm_m3_Hwi_ccr__C
  00001214    00001214    00000004   00000004    r-- .const:ti_sysbios_family_arm_m3_Hwi_excHandlerFunc__C
  00001218    00001218    00000004   00000004    r-- .const:ti_sysbios_family_arm_m3_Hwi_nullIsrFunc__C
  0000121c    0000121c    00000004   00000004    r-- .const:ti_sysbios_family_arm_m3_Hwi_numSparseInterrupts__C
  00001220    00001220    00000004   00000004    r-- .const:ti_sysbios_family_arm_m3_Hwi_priGroup__C
  00001224    00001224    00000004   00000004    r-- .const:ti_sysbios_family_arm_m3_TaskSupport_stackAlignment__C
  00001228    00001228    00000004   00000004    r-- .const:ti_sysbios_heaps_HeapMem_E_memory__C
  0000122c    0000122c    00000004   00000004    r-- .const:ti_sysbios_heaps_HeapMem_Module__gateObj__C
  00001230    00001230    00000004   00000004    r-- .const:ti_sysbios_heaps_HeapMem_Object__count__C
  00001234    00001234    00000004   00000004    r-- .const:ti_sysbios_heaps_HeapMem_Object__table__C
  00001238    00001238    00000004   00000004    r-- .const:ti_sysbios_heaps_HeapMem_reqAlign__C
  0000123c    0000123c    00000004   00000004    r-- .const:ti_sysbios_knl_Clock_triggerClock__C
  00001240    00001240    00000004   00000004    r-- .const:ti_sysbios_knl_Mailbox_Object__count__C
  00001244    00001244    00000004   00000004    r-- .const:ti_sysbios_knl_Mailbox_Object__table__C
  00001248    00001248    00000004   00000004    r-- .const:ti_sysbios_knl_Mailbox_maxTypeAlign__C
  0000124c    0000124c    00000004   00000004    r-- .const:ti_sysbios_knl_Queue_Object__count__C
  00001250    00001250    00000004   00000004    r-- .const:ti_sysbios_knl_Queue_Object__table__C
  00001254    00001254    00000004   00000004    r-- .const:ti_sysbios_knl_Semaphore_eventPost__C
  00001258    00001258    00000004   00000004    r-- .const:ti_sysbios_knl_Semaphore_eventSync__C
  0000125c    0000125c    00000004   00000004    r-- .const:ti_sysbios_knl_Swi_Object__count__C
  00001260    00001260    00000004   00000004    r-- .const:ti_sysbios_knl_Swi_Object__table__C
  00001264    00001264    00000004   00000004    r-- .const:ti_sysbios_knl_Swi_numPriorities__C
  00001268    00001268    00000004   00000004    r-- .const:ti_sysbios_knl_Task_Object__count__C
  0000126c    0000126c    00000004   00000004    r-- .const:ti_sysbios_knl_Task_Object__table__C
  00001270    00001270    00000004   00000004    r-- .const:ti_sysbios_knl_Task_allBlockedFunc__C
  00001274    00001274    00000004   00000004    r-- .const:ti_sysbios_knl_Task_defaultStackHeap__C
  00001278    00001278    00000004   00000004    r-- .const:ti_sysbios_knl_Task_defaultStackSize__C
  0000127c    0000127c    00000004   00000004    r-- .const:ti_sysbios_knl_Task_numConstructedTasks__C
  00001280    00001280    00000002   00000002    r-- .const:ti_sysbios_family_arm_cc26xx_Timer_Module__id__C
  00001282    00001282    00000002   00000002    r-- .const:ti_sysbios_family_arm_cc26xx_TimestampProvider_useClockTimer__C
  00001284    00001284    00000002   00000002    r-- .const:ti_sysbios_family_arm_m3_Hwi_Module__id__C
  00001286    00001286    00000002   00000002    r-- .const:ti_sysbios_gates_GateHwi_Module__id__C
  00001288    00001288    00000002   00000002    r-- .const:ti_sysbios_gates_GateMutex_Module__id__C
  0000128a    0000128a    00000002   00000002    r-- .const:ti_sysbios_heaps_HeapMem_Module__id__C
  0000128c    0000128c    00000002   00000002    r-- .const:ti_sysbios_knl_Task_initStackFlag__C
  0000128e    0000128e    00000001   00000001    r-- .const:ti_sysbios_knl_Clock_tickMode__C
  00001290    00001290    00000008   00000008    r-- .const:xdc_runtime_Startup_firstFxns__C
  00001298    00001298    00000008   00000008    r-- .const:xdc_runtime_Startup_lastFxns__C
  000012a0    000012a0    00000004   00000004    r-- .const:xdc_runtime_Assert_E_assertFailed__C
  000012a4    000012a4    00000004   00000004    r-- .const:xdc_runtime_Error_E_memory__C
  000012a8    000012a8    00000004   00000004    r-- .const:xdc_runtime_Error_policyFxn__C
  000012ac    000012ac    00000004   00000004    r-- .const:xdc_runtime_Error_raiseHook__C
  000012b0    000012b0    00000004   00000004    r-- .const:xdc_runtime_IGateProvider_Interface__BASE__C
  000012b4    000012b4    00000004   00000004    r-- .const:xdc_runtime_IHeap_Interface__BASE__C
  000012b8    000012b8    00000004   00000004    r-- .const:xdc_runtime_IModule_Interface__BASE__C
  000012bc    000012bc    00000004   00000004    r-- .const:xdc_runtime_Memory_defaultHeapInstance__C
  000012c0    000012c0    00000004   00000004    r-- .const:xdc_runtime_Startup_execImpl__C
  000012c4    000012c4    00000004   00000004    r-- .const:xdc_runtime_Startup_maxPasses__C
  000012c8    000012c8    00000004   00000004    r-- .const:xdc_runtime_Startup_sfxnRts__C
  000012cc    000012cc    00000004   00000004    r-- .const:xdc_runtime_Startup_sfxnTab__C
  000012d0    000012d0    00000004   00000004    r-- .const:xdc_runtime_Startup_startModsFxn__C
  000012d4    000012d4    00000004   00000004    r-- .const:xdc_runtime_SysCallback_abortFxn__C
  000012d8    000012d8    00000004   00000004    r-- .const:xdc_runtime_SysCallback_exitFxn__C
  000012dc    000012dc    00000004   00000004    r-- .const:xdc_runtime_System_abortFxn__C
  000012e0    000012e0    00000004   00000004    r-- .const:xdc_runtime_System_exitFxn__C
  000012e4    000012e4    00000004   00000004    r-- .const:xdc_runtime_System_maxAtexitHandlers__C
  000012e8    000012e8    00000004   00000004    r-- .const:xdc_runtime_Text_charTab__C
  000012ec    000012ec    00000004   00000004    r-- .const:xdc_runtime_Text_nameEmpty__C
  000012f0    000012f0    00000004   00000004    r-- .const:xdc_runtime_Text_nameStatic__C
  000012f4    000012f4    00000004   00000004    r-- .const:xdc_runtime_Text_nameUnknown__C
  000012f8    000012f8    00000002   00000002    r-- .const:xdc_runtime_Error_maxDepth__C
  000012fa    000012fa    00000002   00000002    r-- .const:xdc_runtime_Memory_Module__id__C
  000012fc    000012fc    00000002   00000002    r-- .const:xdc_runtime_Text_charCnt__C
  000012fe    000012fe    00000002   00000002    r-- .const:xdc_runtime_Text_isLoaded__C
  00001300    00001300    00000001   00000001    r-- .const:xdc_runtime_Error_policy__C
  00001304    00001304    00000004   00000004    r-- .const:ti_sysbios_rom_ROM_ti_sysbios_family_arm_cc26xx_Timer_getCount64__E
  00001308    00001308    00000004   00000004    r-- .const:ti_sysbios_rom_ROM_ti_sysbios_family_arm_cc26xx_Timer_getCurrentTick__E
  0000130c    0000130c    00000004   00000004    r-- .const:ti_sysbios_rom_ROM_ti_sysbios_family_arm_cc26xx_Timer_getMaxTicks__E
  00001310    00001310    00000004   00000004    r-- .const:ti_sysbios_rom_ROM_ti_sysbios_family_arm_cc26xx_Timer_initDevice__I
  00001314    00001314    00000004   00000004    r-- .const:ti_sysbios_rom_ROM_ti_sysbios_family_arm_cc26xx_Timer_setNextTick__E
  00001318    00001318    00000004   00000004    r-- .const:ti_sysbios_rom_ROM_ti_sysbios_family_arm_cc26xx_Timer_setThreshold__I
  0000131c    0000131c    00000004   00000004    r-- .const:ti_sysbios_rom_ROM_ti_sysbios_family_arm_cc26xx_Timer_start__E
  00001320    00001320    00000004   00000004    r-- .const:ti_sysbios_rom_ROM_ti_sysbios_family_arm_cc26xx_TimestampProvider_get32__E
  00001324    00001324    00000004   00000004    r-- .const:ti_sysbios_rom_ROM_xdc_runtime_Startup_getState__I
  00001328    00001328    00000004   00000004    r-- .const:ti_sysbios_rom_ROM_xdc_runtime_System_SupportProxy_abort__E
  0000132c    0000132c    00000004   00000004    r-- .const:ti_sysbios_rom_ROM_xdc_runtime_System_SupportProxy_exit__E
  00001330    00001330    00004e40   00004e40    r-x .text.2
  00006170    00006170    000003d4   000003d4    r-- .const
  00006548    00006548    000002f8   000002f8    r-- .cinit
0001ffa8    0001ffa8    00000058   00000058    r--
  0001ffa8    0001ffa8    00000058   00000058    r-- .ccfg
20000100    20000100    00000106   00000000    rw-
  20000100    20000100    00000044   00000000    rw- .data:ti_sysbios_knl_Task_Module__state__V
  20000144    20000144    00000034   00000000    rw- .data:ti_sysbios_family_arm_m3_Hwi_Module__state__V
  20000178    20000178    0000002c   00000000    rw- .data:ti_sysbios_knl_Clock_Module__state__V
  200001a4    200001a4    00000024   00000000    rw- .data:ti_sysbios_BIOS_Module__state__V
  200001c8    200001c8    0000001c   00000000    rw- .data:ti_sysbios_knl_Swi_Module__state__V
  200001e4    200001e4    00000008   00000000    rw- .data:ti_sysbios_family_arm_cc26xx_Timer_Module__state__V
  200001ec    200001ec    00000004   00000000    rw- .data:ti_sysbios_family_arm_cc26xx_TimestampProvider_Module__state__V
  200001f0    200001f0    00000008   00000000    rw- .data:xdc_runtime_Startup_Module__state__V
  200001f8    200001f8    00000008   00000000    rw- .data:xdc_runtime_System_Module__state__V
  20000200    20000200    00000004   00000000    rw- .data:xdc_runtime_Memory_Module__state__V
  20000204    20000204    00000002   00000000    rw- .data:xdc_runtime_Error_Module__state__V
20000470    20000470    00000010   00000000    rw-
  20000470    20000470    00000010   00000000    rw- .TI.bound:dmaADCPriControlTableEntry
20000490    20000490    00000010   00000000    rw-
  20000490    20000490    00000010   00000000    rw- .TI.bound:dmaGPT0APriControlTableEntry
20000670    20000670    00000010   00000000    rw-
  20000670    20000670    00000010   00000000    rw- .TI.bound:dmaADCAltControlTableEntry
20000690    20000690    00002dd1   00000000    rw-
  20000690    20000690    00000010   00000000    rw- .TI.bound:dmaGPT0AAltControlTableEntry
  200006a0    200006a0    00002dc1   00000000    rw- .bss
20003468    20003468    00001000   00000000    r--
  20003468    20003468    00001000   00000000    r-- .priheap
20004468    20004468    000006fc   00000000    rw-
  20004468    20004468    000006fc   00000000    rw- .data
20004c00    20004c00    00000400   00000000    rw-
  20004c00    20004c00    00000400   00000000    rw- .stack


SECTION ALLOCATION MAP

 output                                  attributes/
section   page    origin      length       input sections
--------  ----  ----------  ----------   ----------------
.const:ti_sysbios_heaps_HeapMem_Module__FXNS__C 
*          0    00001000    00000028     
                  00001000    00000028     release_pem3.oem3 (.const:ti_sysbios_heaps_HeapMem_Module__FXNS__C)

.const:ti_sysbios_gates_GateHwi_Module__FXNS__C 
*          0    00001028    00000024     
                  00001028    00000024     release_pem3.oem3 (.const:ti_sysbios_gates_GateHwi_Module__FXNS__C)

.const:ti_sysbios_gates_GateMutex_Module__FXNS__C 
*          0    0000104c    00000024     
                  0000104c    00000024     release_pem3.oem3 (.const:ti_sysbios_gates_GateMutex_Module__FXNS__C)

.const:ti_sysbios_family_arm_m3_Hwi_Object__DESC__C 
*          0    00001070    00000020     
                  00001070    00000020     release_pem3.oem3 (.const:ti_sysbios_family_arm_m3_Hwi_Object__DESC__C)

.const:ti_sysbios_gates_GateHwi_Object__DESC__C 
*          0    00001090    00000020     
                  00001090    00000020     release_pem3.oem3 (.const:ti_sysbios_gates_GateHwi_Object__DESC__C)

.const:ti_sysbios_gates_GateMutex_Object__DESC__C 
*          0    000010b0    00000020     
                  000010b0    00000020     release_pem3.oem3 (.const:ti_sysbios_gates_GateMutex_Object__DESC__C)

.const:ti_sysbios_hal_Hwi_Object__DESC__C 
*          0    000010d0    00000020     
                  000010d0    00000020     release_pem3.oem3 (.const:ti_sysbios_hal_Hwi_Object__DESC__C)

.const:ti_sysbios_heaps_HeapMem_Object__DESC__C 
*          0    000010f0    00000020     
                  000010f0    00000020     release_pem3.oem3 (.const:ti_sysbios_heaps_HeapMem_Object__DESC__C)

.const:ti_sysbios_knl_Clock_Object__DESC__C 
*          0    00001110    00000020     
                  00001110    00000020     release_pem3.oem3 (.const:ti_sysbios_knl_Clock_Object__DESC__C)

.const:ti_sysbios_knl_Event_Object__DESC__C 
*          0    00001130    00000020     
                  00001130    00000020     release_pem3.oem3 (.const:ti_sysbios_knl_Event_Object__DESC__C)

.const:ti_sysbios_knl_Mailbox_Object__DESC__C 
*          0    00001150    00000020     
                  00001150    00000020     release_pem3.oem3 (.const:ti_sysbios_knl_Mailbox_Object__DESC__C)

.const:ti_sysbios_knl_Queue_Object__DESC__C 
*          0    00001170    00000020     
                  00001170    00000020     release_pem3.oem3 (.const:ti_sysbios_knl_Queue_Object__DESC__C)

.const:ti_sysbios_knl_Semaphore_Object__DESC__C 
*          0    00001190    00000020     
                  00001190    00000020     release_pem3.oem3 (.const:ti_sysbios_knl_Semaphore_Object__DESC__C)

.const:ti_sysbios_knl_Swi_Object__DESC__C 
*          0    000011b0    00000020     
                  000011b0    00000020     release_pem3.oem3 (.const:ti_sysbios_knl_Swi_Object__DESC__C)

.const:ti_sysbios_knl_Task_Object__DESC__C 
*          0    000011d0    00000020     
                  000011d0    00000020     release_pem3.oem3 (.const:ti_sysbios_knl_Task_Object__DESC__C)

.const:ti_sysbios_knl_Idle_funcList__C 
*          0    000011f0    00000008     
                  000011f0    00000008     release_pem3.oem3 (.const:ti_sysbios_knl_Idle_funcList__C)

.const:ti_sysbios_family_arm_cc26xx_Timer_startupNeeded__C 
*          0    000011f8    00000004     
                  000011f8    00000004     release_pem3.oem3 (.const:ti_sysbios_family_arm_cc26xx_Timer_startupNeeded__C)

.const:ti_sysbios_family_arm_m3_Hwi_E_alreadyDefined__C 
*          0    000011fc    00000004     
                  000011fc    00000004     release_pem3.oem3 (.const:ti_sysbios_family_arm_m3_Hwi_E_alreadyDefined__C)

.const:ti_sysbios_family_arm_m3_Hwi_E_hwiLimitExceeded__C 
*          0    00001200    00000004     
                  00001200    00000004     release_pem3.oem3 (.const:ti_sysbios_family_arm_m3_Hwi_E_hwiLimitExceeded__C)

.const:ti_sysbios_family_arm_m3_Hwi_NUM_INTERRUPTS__C 
*          0    00001204    00000004     
                  00001204    00000004     release_pem3.oem3 (.const:ti_sysbios_family_arm_m3_Hwi_NUM_INTERRUPTS__C)

.const:ti_sysbios_family_arm_m3_Hwi_Object__count__C 
*          0    00001208    00000004     
                  00001208    00000004     release_pem3.oem3 (.const:ti_sysbios_family_arm_m3_Hwi_Object__count__C)

.const:ti_sysbios_family_arm_m3_Hwi_Object__table__C 
*          0    0000120c    00000004     
                  0000120c    00000004     release_pem3.oem3 (.const:ti_sysbios_family_arm_m3_Hwi_Object__table__C)

.const:ti_sysbios_family_arm_m3_Hwi_ccr__C 
*          0    00001210    00000004     
                  00001210    00000004     release_pem3.oem3 (.const:ti_sysbios_family_arm_m3_Hwi_ccr__C)

.const:ti_sysbios_family_arm_m3_Hwi_excHandlerFunc__C 
*          0    00001214    00000004     
                  00001214    00000004     release_pem3.oem3 (.const:ti_sysbios_family_arm_m3_Hwi_excHandlerFunc__C)

.const:ti_sysbios_family_arm_m3_Hwi_nullIsrFunc__C 
*          0    00001218    00000004     
                  00001218    00000004     release_pem3.oem3 (.const:ti_sysbios_family_arm_m3_Hwi_nullIsrFunc__C)

.const:ti_sysbios_family_arm_m3_Hwi_numSparseInterrupts__C 
*          0    0000121c    00000004     
                  0000121c    00000004     release_pem3.oem3 (.const:ti_sysbios_family_arm_m3_Hwi_numSparseInterrupts__C)

.const:ti_sysbios_family_arm_m3_Hwi_priGroup__C 
*          0    00001220    00000004     
                  00001220    00000004     release_pem3.oem3 (.const:ti_sysbios_family_arm_m3_Hwi_priGroup__C)

.const:ti_sysbios_family_arm_m3_TaskSupport_stackAlignment__C 
*          0    00001224    00000004     
                  00001224    00000004     release_pem3.oem3 (.const:ti_sysbios_family_arm_m3_TaskSupport_stackAlignment__C)

.const:ti_sysbios_heaps_HeapMem_E_memory__C 
*          0    00001228    00000004     
                  00001228    00000004     release_pem3.oem3 (.const:ti_sysbios_heaps_HeapMem_E_memory__C)

.const:ti_sysbios_heaps_HeapMem_Module__gateObj__C 
*          0    0000122c    00000004     
                  0000122c    00000004     release_pem3.oem3 (.const:ti_sysbios_heaps_HeapMem_Module__gateObj__C)

.const:ti_sysbios_heaps_HeapMem_Object__count__C 
*          0    00001230    00000004     
                  00001230    00000004     release_pem3.oem3 (.const:ti_sysbios_heaps_HeapMem_Object__count__C)

.const:ti_sysbios_heaps_HeapMem_Object__table__C 
*          0    00001234    00000004     
                  00001234    00000004     release_pem3.oem3 (.const:ti_sysbios_heaps_HeapMem_Object__table__C)

.const:ti_sysbios_heaps_HeapMem_reqAlign__C 
*          0    00001238    00000004     
                  00001238    00000004     release_pem3.oem3 (.const:ti_sysbios_heaps_HeapMem_reqAlign__C)

.const:ti_sysbios_knl_Clock_triggerClock__C 
*          0    0000123c    00000004     
                  0000123c    00000004     release_pem3.oem3 (.const:ti_sysbios_knl_Clock_triggerClock__C)

.const:ti_sysbios_knl_Mailbox_Object__count__C 
*          0    00001240    00000004     
                  00001240    00000004     release_pem3.oem3 (.const:ti_sysbios_knl_Mailbox_Object__count__C)

.const:ti_sysbios_knl_Mailbox_Object__table__C 
*          0    00001244    00000004     
                  00001244    00000004     release_pem3.oem3 (.const:ti_sysbios_knl_Mailbox_Object__table__C)

.const:ti_sysbios_knl_Mailbox_maxTypeAlign__C 
*          0    00001248    00000004     
                  00001248    00000004     release_pem3.oem3 (.const:ti_sysbios_knl_Mailbox_maxTypeAlign__C)

.const:ti_sysbios_knl_Queue_Object__count__C 
*          0    0000124c    00000004     
                  0000124c    00000004     release_pem3.oem3 (.const:ti_sysbios_knl_Queue_Object__count__C)

.const:ti_sysbios_knl_Queue_Object__table__C 
*          0    00001250    00000004     
                  00001250    00000004     release_pem3.oem3 (.const:ti_sysbios_knl_Queue_Object__table__C)

.const:ti_sysbios_knl_Semaphore_eventPost__C 
*          0    00001254    00000004     
                  00001254    00000004     release_pem3.oem3 (.const:ti_sysbios_knl_Semaphore_eventPost__C)

.const:ti_sysbios_knl_Semaphore_eventSync__C 
*          0    00001258    00000004     
                  00001258    00000004     release_pem3.oem3 (.const:ti_sysbios_knl_Semaphore_eventSync__C)

.const:ti_sysbios_knl_Swi_Object__count__C 
*          0    0000125c    00000004     
                  0000125c    00000004     release_pem3.oem3 (.const:ti_sysbios_knl_Swi_Object__count__C)

.const:ti_sysbios_knl_Swi_Object__table__C 
*          0    00001260    00000004     
                  00001260    00000004     release_pem3.oem3 (.const:ti_sysbios_knl_Swi_Object__table__C)

.const:ti_sysbios_knl_Swi_numPriorities__C 
*          0    00001264    00000004     
                  00001264    00000004     release_pem3.oem3 (.const:ti_sysbios_knl_Swi_numPriorities__C)

.const:ti_sysbios_knl_Task_Object__count__C 
*          0    00001268    00000004     
                  00001268    00000004     release_pem3.oem3 (.const:ti_sysbios_knl_Task_Object__count__C)

.const:ti_sysbios_knl_Task_Object__table__C 
*          0    0000126c    00000004     
                  0000126c    00000004     release_pem3.oem3 (.const:ti_sysbios_knl_Task_Object__table__C)

.const:ti_sysbios_knl_Task_allBlockedFunc__C 
*          0    00001270    00000004     
                  00001270    00000004     release_pem3.oem3 (.const:ti_sysbios_knl_Task_allBlockedFunc__C)

.const:ti_sysbios_knl_Task_defaultStackHeap__C 
*          0    00001274    00000004     
                  00001274    00000004     release_pem3.oem3 (.const:ti_sysbios_knl_Task_defaultStackHeap__C)

.const:ti_sysbios_knl_Task_defaultStackSize__C 
*          0    00001278    00000004     
                  00001278    00000004     release_pem3.oem3 (.const:ti_sysbios_knl_Task_defaultStackSize__C)

.const:ti_sysbios_knl_Task_numConstructedTasks__C 
*          0    0000127c    00000004     
                  0000127c    00000004     release_pem3.oem3 (.const:ti_sysbios_knl_Task_numConstructedTasks__C)

.const:ti_sysbios_family_arm_cc26xx_Timer_Module__id__C 
*          0    00001280    00000002     
                  00001280    00000002     release_pem3.oem3 (.const:ti_sysbios_family_arm_cc26xx_Timer_Module__id__C)

.const:ti_sysbios_family_arm_cc26xx_TimestampProvider_useClockTimer__C 
*          0    00001282    00000002     
                  00001282    00000002     release_pem3.oem3 (.const:ti_sysbios_family_arm_cc26xx_TimestampProvider_useClockTimer__C)

.const:ti_sysbios_family_arm_m3_Hwi_Module__id__C 
*          0    00001284    00000002     
                  00001284    00000002     release_pem3.oem3 (.const:ti_sysbios_family_arm_m3_Hwi_Module__id__C)

.const:ti_sysbios_gates_GateHwi_Module__id__C 
*          0    00001286    00000002     
                  00001286    00000002     release_pem3.oem3 (.const:ti_sysbios_gates_GateHwi_Module__id__C)

.const:ti_sysbios_gates_GateMutex_Module__id__C 
*          0    00001288    00000002     
                  00001288    00000002     release_pem3.oem3 (.const:ti_sysbios_gates_GateMutex_Module__id__C)

.const:ti_sysbios_heaps_HeapMem_Module__id__C 
*          0    0000128a    00000002     
                  0000128a    00000002     release_pem3.oem3 (.const:ti_sysbios_heaps_HeapMem_Module__id__C)

.const:ti_sysbios_knl_Task_initStackFlag__C 
*          0    0000128c    00000002     
                  0000128c    00000002     release_pem3.oem3 (.const:ti_sysbios_knl_Task_initStackFlag__C)

.const:ti_sysbios_knl_Clock_tickMode__C 
*          0    0000128e    00000001     
                  0000128e    00000001     release_pem3.oem3 (.const:ti_sysbios_knl_Clock_tickMode__C)

.const:xdc_runtime_Startup_firstFxns__C 
*          0    00001290    00000008     
                  00001290    00000008     release_pem3.oem3 (.const:xdc_runtime_Startup_firstFxns__C)

.const:xdc_runtime_Startup_lastFxns__C 
*          0    00001298    00000008     
                  00001298    00000008     release_pem3.oem3 (.const:xdc_runtime_Startup_lastFxns__C)

.const:xdc_runtime_Assert_E_assertFailed__C 
*          0    000012a0    00000004     
                  000012a0    00000004     release_pem3.oem3 (.const:xdc_runtime_Assert_E_assertFailed__C)

.const:xdc_runtime_Error_E_memory__C 
*          0    000012a4    00000004     
                  000012a4    00000004     release_pem3.oem3 (.const:xdc_runtime_Error_E_memory__C)

.const:xdc_runtime_Error_policyFxn__C 
*          0    000012a8    00000004     
                  000012a8    00000004     release_pem3.oem3 (.const:xdc_runtime_Error_policyFxn__C)

.const:xdc_runtime_Error_raiseHook__C 
*          0    000012ac    00000004     
                  000012ac    00000004     release_pem3.oem3 (.const:xdc_runtime_Error_raiseHook__C)

.const:xdc_runtime_IGateProvider_Interface__BASE__C 
*          0    000012b0    00000004     
                  000012b0    00000004     release_pem3.oem3 (.const:xdc_runtime_IGateProvider_Interface__BASE__C)

.const:xdc_runtime_IHeap_Interface__BASE__C 
*          0    000012b4    00000004     
                  000012b4    00000004     release_pem3.oem3 (.const:xdc_runtime_IHeap_Interface__BASE__C)

.const:xdc_runtime_IModule_Interface__BASE__C 
*          0    000012b8    00000004     
                  000012b8    00000004     release_pem3.oem3 (.const:xdc_runtime_IModule_Interface__BASE__C)

.const:xdc_runtime_Memory_defaultHeapInstance__C 
*          0    000012bc    00000004     
                  000012bc    00000004     release_pem3.oem3 (.const:xdc_runtime_Memory_defaultHeapInstance__C)

.const:xdc_runtime_Startup_execImpl__C 
*          0    000012c0    00000004     
                  000012c0    00000004     release_pem3.oem3 (.const:xdc_runtime_Startup_execImpl__C)

.const:xdc_runtime_Startup_maxPasses__C 
*          0    000012c4    00000004     
                  000012c4    00000004     release_pem3.oem3 (.const:xdc_runtime_Startup_maxPasses__C)

.const:xdc_runtime_Startup_sfxnRts__C 
*          0    000012c8    00000004     
                  000012c8    00000004     release_pem3.oem3 (.const:xdc_runtime_Startup_sfxnRts__C)

.const:xdc_runtime_Startup_sfxnTab__C 
*          0    000012cc    00000004     
                  000012cc    00000004     release_pem3.oem3 (.const:xdc_runtime_Startup_sfxnTab__C)

.const:xdc_runtime_Startup_startModsFxn__C 
*          0    000012d0    00000004     
                  000012d0    00000004     release_pem3.oem3 (.const:xdc_runtime_Startup_startModsFxn__C)

.const:xdc_runtime_SysCallback_abortFxn__C 
*          0    000012d4    00000004     
                  000012d4    00000004     release_pem3.oem3 (.const:xdc_runtime_SysCallback_abortFxn__C)

.const:xdc_runtime_SysCallback_exitFxn__C 
*          0    000012d8    00000004     
                  000012d8    00000004     release_pem3.oem3 (.const:xdc_runtime_SysCallback_exitFxn__C)

.const:xdc_runtime_System_abortFxn__C 
*          0    000012dc    00000004     
                  000012dc    00000004     release_pem3.oem3 (.const:xdc_runtime_System_abortFxn__C)

.const:xdc_runtime_System_exitFxn__C 
*          0    000012e0    00000004     
                  000012e0    00000004     release_pem3.oem3 (.const:xdc_runtime_System_exitFxn__C)

.const:xdc_runtime_System_maxAtexitHandlers__C 
*          0    000012e4    00000004     
                  000012e4    00000004     release_pem3.oem3 (.const:xdc_runtime_System_maxAtexitHandlers__C)

.const:xdc_runtime_Text_charTab__C 
*          0    000012e8    00000004     
                  000012e8    00000004     release_pem3.oem3 (.const:xdc_runtime_Text_charTab__C)

.const:xdc_runtime_Text_nameEmpty__C 
*          0    000012ec    00000004     
                  000012ec    00000004     release_pem3.oem3 (.const:xdc_runtime_Text_nameEmpty__C)

.const:xdc_runtime_Text_nameStatic__C 
*          0    000012f0    00000004     
                  000012f0    00000004     release_pem3.oem3 (.const:xdc_runtime_Text_nameStatic__C)

.const:xdc_runtime_Text_nameUnknown__C 
*          0    000012f4    00000004     
                  000012f4    00000004     release_pem3.oem3 (.const:xdc_runtime_Text_nameUnknown__C)

.const:xdc_runtime_Error_maxDepth__C 
*          0    000012f8    00000002     
                  000012f8    00000002     release_pem3.oem3 (.const:xdc_runtime_Error_maxDepth__C)

.const:xdc_runtime_Memory_Module__id__C 
*          0    000012fa    00000002     
                  000012fa    00000002     release_pem3.oem3 (.const:xdc_runtime_Memory_Module__id__C)

.const:xdc_runtime_Text_charCnt__C 
*          0    000012fc    00000002     
                  000012fc    00000002     release_pem3.oem3 (.const:xdc_runtime_Text_charCnt__C)

.const:xdc_runtime_Text_isLoaded__C 
*          0    000012fe    00000002     
                  000012fe    00000002     release_pem3.oem3 (.const:xdc_runtime_Text_isLoaded__C)

.const:xdc_runtime_Error_policy__C 
*          0    00001300    00000001     
                  00001300    00000001     release_pem3.oem3 (.const:xdc_runtime_Error_policy__C)

.const:ti_sysbios_rom_ROM_ti_sysbios_family_arm_cc26xx_Timer_getCount64__E 
*          0    00001304    00000004     
                  00001304    00000004     release_pem3.oem3 (.const:ti_sysbios_rom_ROM_ti_sysbios_family_arm_cc26xx_Timer_getCount64__E)

.const:ti_sysbios_rom_ROM_ti_sysbios_family_arm_cc26xx_Timer_getCurrentTick__E 
*          0    00001308    00000004     
                  00001308    00000004     release_pem3.oem3 (.const:ti_sysbios_rom_ROM_ti_sysbios_family_arm_cc26xx_Timer_getCurrentTick__E)

.const:ti_sysbios_rom_ROM_ti_sysbios_family_arm_cc26xx_Timer_getMaxTicks__E 
*          0    0000130c    00000004     
                  0000130c    00000004     release_pem3.oem3 (.const:ti_sysbios_rom_ROM_ti_sysbios_family_arm_cc26xx_Timer_getMaxTicks__E)

.const:ti_sysbios_rom_ROM_ti_sysbios_family_arm_cc26xx_Timer_initDevice__I 
*          0    00001310    00000004     
                  00001310    00000004     release_pem3.oem3 (.const:ti_sysbios_rom_ROM_ti_sysbios_family_arm_cc26xx_Timer_initDevice__I)

.const:ti_sysbios_rom_ROM_ti_sysbios_family_arm_cc26xx_Timer_setNextTick__E 
*          0    00001314    00000004     
                  00001314    00000004     release_pem3.oem3 (.const:ti_sysbios_rom_ROM_ti_sysbios_family_arm_cc26xx_Timer_setNextTick__E)

.const:ti_sysbios_rom_ROM_ti_sysbios_family_arm_cc26xx_Timer_setThreshold__I 
*          0    00001318    00000004     
                  00001318    00000004     release_pem3.oem3 (.const:ti_sysbios_rom_ROM_ti_sysbios_family_arm_cc26xx_Timer_setThreshold__I)

.const:ti_sysbios_rom_ROM_ti_sysbios_family_arm_cc26xx_Timer_start__E 
*          0    0000131c    00000004     
                  0000131c    00000004     release_pem3.oem3 (.const:ti_sysbios_rom_ROM_ti_sysbios_family_arm_cc26xx_Timer_start__E)

.const:ti_sysbios_rom_ROM_ti_sysbios_family_arm_cc26xx_TimestampProvider_get32__E 
*          0    00001320    00000004     
                  00001320    00000004     release_pem3.oem3 (.const:ti_sysbios_rom_ROM_ti_sysbios_family_arm_cc26xx_TimestampProvider_get32__E)

.const:ti_sysbios_rom_ROM_xdc_runtime_Startup_getState__I 
*          0    00001324    00000004     
                  00001324    00000004     release_pem3.oem3 (.const:ti_sysbios_rom_ROM_xdc_runtime_Startup_getState__I)

.const:ti_sysbios_rom_ROM_xdc_runtime_System_SupportProxy_abort__E 
*          0    00001328    00000004     
                  00001328    00000004     release_pem3.oem3 (.const:ti_sysbios_rom_ROM_xdc_runtime_System_SupportProxy_abort__E)

.const:ti_sysbios_rom_ROM_xdc_runtime_System_SupportProxy_exit__E 
*          0    0000132c    00000004     
                  0000132c    00000004     release_pem3.oem3 (.const:ti_sysbios_rom_ROM_xdc_runtime_System_SupportProxy_exit__E)

.cinit     0    00006548    000002f8     
                  00006548    00000173     (.cinit..data.load) [load image, compression = lzss]
                  000066bb    00000028     (.cinit..data:ti_sysbios_family_arm_m3_Hwi_Module__state__V.load) [load image, compression = lzss]
                  000066e3    00000021     (.cinit..data:ti_sysbios_knl_Task_Module__state__V.load) [load image, compression = lzss]
                  00006704    0000001f     (.cinit..data:ti_sysbios_BIOS_Module__state__V.load) [load image, compression = lzss]
                  00006723    0000001d     (.cinit..data:ti_sysbios_knl_Clock_Module__state__V.load) [load image, compression = lzss]
                  00006740    00000010     (.cinit..data:ti_sysbios_knl_Swi_Module__state__V.load) [load image, compression = lzss]
                  00006750    0000000c     (__TI_handler_table)
                  0000675c    0000000b     (.cinit..data:ti_sysbios_family_arm_cc26xx_Timer_Module__state__V.load) [load image, compression = lzss]
                  00006767    0000000b     (.cinit..data:xdc_runtime_System_Module__state__V.load) [load image, compression = lzss]
                  00006772    00000006     (.cinit..data:xdc_runtime_Error_Module__state__V.load) [load image, compression = lzss]
                  00006778    00000008     (.cinit..TI.bound:dmaADCAltControlTableEntry.load) [load image, compression = zero_init]
                  00006780    00000008     (.cinit..TI.bound:dmaADCPriControlTableEntry.load) [load image, compression = zero_init]
                  00006788    00000008     (.cinit..TI.bound:dmaGPT0AAltControlTableEntry.load) [load image, compression = zero_init]
                  00006790    00000008     (.cinit..TI.bound:dmaGPT0APriControlTableEntry.load) [load image, compression = zero_init]
                  00006798    00000008     (.cinit..bss.load) [load image, compression = zero_init]
                  000067a0    00000008     (.cinit..data:xdc_runtime_Memory_Module__state__V.load) [load image, compression = lzss]
                  000067a8    00000007     (.cinit..data:ti_sysbios_family_arm_cc26xx_TimestampProvider_Module__state__V.load) [load image, compression = lzss]
                  000067af    00000007     (.cinit..data:xdc_runtime_Startup_Module__state__V.load) [load image, compression = lzss]
                  000067b6    00000002     --HOLE-- [fill = 0]
                  000067b8    00000088     (__TI_cinit_table)

.init_array 
*          0    00000000    00000000     UNINITIALIZED

.ccfg      0    0001ffa8    00000058     
                  0001ffa8    00000058     ccfg.obj (.ccfg:retain)

.data:ti_sysbios_knl_Task_Module__state__V 
*          0    20000100    00000044     UNINITIALIZED
                  20000100    00000044     release_pem3.oem3 (.data:ti_sysbios_knl_Task_Module__state__V)

.data:ti_sysbios_family_arm_m3_Hwi_Module__state__V 
*          0    20000144    00000034     UNINITIALIZED
                  20000144    00000034     release_pem3.oem3 (.data:ti_sysbios_family_arm_m3_Hwi_Module__state__V)

.data:ti_sysbios_knl_Clock_Module__state__V 
*          0    20000178    0000002c     UNINITIALIZED
                  20000178    0000002c     release_pem3.oem3 (.data:ti_sysbios_knl_Clock_Module__state__V)

.data:ti_sysbios_BIOS_Module__state__V 
*          0    200001a4    00000024     UNINITIALIZED
                  200001a4    00000024     release_pem3.oem3 (.data:ti_sysbios_BIOS_Module__state__V)

.data:ti_sysbios_knl_Swi_Module__state__V 
*          0    200001c8    0000001c     UNINITIALIZED
                  200001c8    0000001c     release_pem3.oem3 (.data:ti_sysbios_knl_Swi_Module__state__V)

.data:ti_sysbios_family_arm_cc26xx_Timer_Module__state__V 
*          0    200001e4    00000008     UNINITIALIZED
                  200001e4    00000008     release_pem3.oem3 (.data:ti_sysbios_family_arm_cc26xx_Timer_Module__state__V)

.data:ti_sysbios_family_arm_cc26xx_TimestampProvider_Module__state__V 
*          0    200001ec    00000004     UNINITIALIZED
                  200001ec    00000004     release_pem3.oem3 (.data:ti_sysbios_family_arm_cc26xx_TimestampProvider_Module__state__V)

.data:xdc_runtime_Startup_Module__state__V 
*          0    200001f0    00000008     UNINITIALIZED
                  200001f0    00000008     release_pem3.oem3 (.data:xdc_runtime_Startup_Module__state__V)

.data:xdc_runtime_System_Module__state__V 
*          0    200001f8    00000008     UNINITIALIZED
                  200001f8    00000008     release_pem3.oem3 (.data:xdc_runtime_System_Module__state__V)

.data:xdc_runtime_Memory_Module__state__V 
*          0    20000200    00000004     UNINITIALIZED
                  20000200    00000004     release_pem3.oem3 (.data:xdc_runtime_Memory_Module__state__V)

.data:xdc_runtime_Error_Module__state__V 
*          0    20000204    00000002     UNINITIALIZED
                  20000204    00000002     release_pem3.oem3 (.data:xdc_runtime_Error_Module__state__V)

.TI.bound:dmaGPT0APriControlTableEntry 
*          0    20000490    00000010     UNINITIALIZED
                  20000490    00000010     drivers_cc26x0r2.aem3 : ADCBufCC26XX.oem3 (.TI.bound:dmaGPT0APriControlTableEntry)

.bss       0    200006a0    00002dc1     UNINITIALIZED
                  200006a0    00000fa0     (.common:microVoltBuffer)
                  20001640    000007d0     (.common:array)
                  20001e10    000007d0     (.common:sampleBufferOne)
                  200025e0    000007d0     (.common:sampleBufferTwo)
                  20002db0    00000200     release_pem3.oem3 (.bss:taskStackSection)
                  20002fb0    00000120     rtsv7M3_T_le_eabi.lib : trgmsg.c.obj (.bss:_CIOBUF_)
                  200030d0    00000120     (.common:gptimerCC26XXObjects)
                  200031f0    000000c8     (.common:ti_sysbios_family_arm_m3_Hwi_dispatchTable)
                  200032b8    000000a8     (.common:adcBufCC26xxObjects)
                  20003360    000000a0     (.common:__TI_tmpnams)
                  20003400    00000020     (.common:udmaObjects)
                  20003420    00000014     driverlib.lib : osc.obj (.bss:oscHfGlobals)
                  20003434    0000000c     adcBufContinuousSampling.obj (.bss:ledPinState)
                  20003440    00000008     dpl_cc26x0r2.aem3 : PowerCC26XX_tirtos.oem3 (.bss:$O1$$)
                  20003448    00000008     driverlib.lib : sys_ctrl.obj (.bss:powerQualGlobals)
                  20003450    00000008     (.common:parmbuf)
                  20003458    00000004     adcBufContinuousSampling.obj (.bss)
                  2000345c    00000004     (.common:ClockP_tickPeriod)
                  20003460    00000001     (.common:driverlib_release_0_56883)

.data      0    20004468    000006fc     UNINITIALIZED
                  20004468    00000114     drivers_cc26x0r2.aem3 : PINCC26XX.oem3 (.data:$O1$$)
                  2000457c    00000114                           : PowerCC26XX.oem3 (.data:PowerCC26XX_module)
                  20004690    000000f0     rtsv7M3_T_le_eabi.lib : defs.c.obj (.data:_ftable)
                  20004780    00000088     rom_sysbios.aem3 : rom_sysbios.obj (.data:$O1$$)
                  20004808    00000078     rtsv7M3_T_le_eabi.lib : host_device.c.obj (.data:_device)
                  20004880    00000054     release_pem3.oem3 (.data:ti_sysbios_gates_GateMutex_Object__table__V)
                  200048d4    00000050     rtsv7M3_T_le_eabi.lib : host_device.c.obj (.data:_stream)
                  20004924    0000004c     release_pem3.oem3 (.data:ti_sysbios_knl_Task_Object__table__V)
                  20004970    00000048     release_pem3.oem3 (.data:ti_sysbios_family_arm_cc26xx_Timer_Object__table__V)
                  200049b8    00000030     release_pem3.oem3 (.data:ti_sysbios_knl_Swi_Module_State_0_readyQ__A)
                  200049e8    00000030     release_pem3.oem3 (.data:ti_sysbios_knl_Swi_Object__table__V)
                  20004a18    00000030     release_pem3.oem3 (.data:ti_sysbios_knl_Task_Module_State_0_readyQ__A)
                  20004a48    00000020     release_pem3.oem3 (.data:ti_sysbios_knl_Clock_Object__table__V)
                  20004a68    00000020     release_pem3.oem3 (.data:xdc_runtime_Error_IgnoreBlock)
                  20004a88    00000018     release_pem3.oem3 (.data:ti_sysbios_family_arm_m3_Hwi_Object__table__V)
                  20004aa0    00000018     release_pem3.oem3 (.data:ti_sysbios_heaps_HeapMem_Object__table__V)
                  20004ab8    00000010     rtsv7M3_T_le_eabi.lib : defs.c.obj (.data)
                  20004ac8    0000000c                           : exit.c.obj (.data:$O1$$)
                  20004ad4    0000000c     adcBufContinuousSampling.obj (.data:pinTable)
                  20004ae0    00000008     rtsv7M3_T_le_eabi.lib : _lock.c.obj (.data:$O1$$)
                  20004ae8    00000008     release_pem3.oem3 (.data:ti_sysbios_family_arm_m3_Hwi_Module__root__V)
                  20004af0    00000008     release_pem3.oem3 (.data:ti_sysbios_gates_GateHwi_Module__root__V)
                  20004af8    00000008     release_pem3.oem3 (.data:ti_sysbios_gates_GateMutex_Module__root__V)
                  20004b00    00000008     release_pem3.oem3 (.data:ti_sysbios_hal_Hwi_Module__root__V)
                  20004b08    00000008     release_pem3.oem3 (.data:ti_sysbios_heaps_HeapMem_Module__root__V)
                  20004b10    00000008     release_pem3.oem3 (.data:ti_sysbios_knl_Clock_Module__root__V)
                  20004b18    00000008     release_pem3.oem3 (.data:ti_sysbios_knl_Event_Module__root__V)
                  20004b20    00000008     release_pem3.oem3 (.data:ti_sysbios_knl_Mailbox_Module__root__V)
                  20004b28    00000008     release_pem3.oem3 (.data:ti_sysbios_knl_Queue_Module__root__V)
                  20004b30    00000008     release_pem3.oem3 (.data:ti_sysbios_knl_Semaphore_Module__root__V)
                  20004b38    00000008     release_pem3.oem3 (.data:ti_sysbios_knl_Swi_Module__root__V)
                  20004b40    00000008     release_pem3.oem3 (.data:ti_sysbios_knl_Task_Module__root__V)
                  20004b48    00000008     release_pem3.oem3 (.data:xdc_runtime_System_Module_State_0_atexitHandlers__A)
                  20004b50    00000004     rtsv7M3_T_le_eabi.lib : stkdepth_vars.c.obj (.data)
                  20004b54    00000004     release_pem3.oem3 (.data:ti_sysbios_family_arm_m3_Hwi_Module_State_0_excContext__A)
                  20004b58    00000004     release_pem3.oem3 (.data:ti_sysbios_family_arm_m3_Hwi_Module_State_0_excStack__A)
                  20004b5c    00000004     release_pem3.oem3 (.data:ti_sysbios_knl_Task_Module_State_0_idleTask__A)
                  20004b60    00000002     release_pem3.oem3 (.data:ti_sysbios_family_arm_m3_Hwi_Module_State_0_excActive__A)
                  20004b62    00000001     drivers_cc26x0r2.aem3 : ADCBuf.oem3 (.data)
                  20004b63    00000001                           : ADCBufCC26XX.oem3 (.data)

.priheap   0    20003468    00001000     UNINITIALIZED
                  20003468    00001000     --HOLE--

.stack     0    20004c00    00000400     UNINITIALIZED
                  20004c00    00000400     --HOLE--

.bootVecs 
*          0    00000000    00000008     DSECT
                  00000000    00000008     boot.aem3 : boot.oem3 (.bootVecs)

.resetVecs 
*          0    00000000    0000003c     
                  00000000    0000003c     release_pem3.oem3 (.resetVecs)

.vecs      0    20000000    000000c8     NOLOAD SECTION
                  20000000    000000c8     release_pem3.oem3 (.vecs)

xdc.meta   0    00000000    0000010e     COPY SECTION
                  00000000    0000010e     release_pem3.oem3 (xdc.meta)

xdc.noload 
*          0    00000000    00000000     COPY SECTION

.TI.bound:dmaADCPriControlTableEntry 
*          0    20000470    00000010     UNINITIALIZED
                  20000470    00000010     drivers_cc26x0r2.aem3 : ADCBufCC26XX.oem3 (.TI.bound:dmaADCPriControlTableEntry)

.TI.bound:dmaADCAltControlTableEntry 
*          0    20000670    00000010     UNINITIALIZED
                  20000670    00000010     drivers_cc26x0r2.aem3 : ADCBufCC26XX.oem3 (.TI.bound:dmaADCAltControlTableEntry)

.TI.bound:dmaGPT0AAltControlTableEntry 
*          0    20000690    00000010     UNINITIALIZED
                  20000690    00000010     drivers_cc26x0r2.aem3 : ADCBufCC26XX.oem3 (.TI.bound:dmaGPT0AAltControlTableEntry)

.binit     0    00000000    00000000     

.text.1    0    0000003c    00000fc4     
                  0000003c    00000a4e     rtsv7M3_T_le_eabi.lib : _printfi.c.obj (.text:__TI_printfi)
                  00000a8a    00000002                           : _lock.c.obj (.text:_nop)
                  00000a8c    00000314     drivers_cc26x0r2.aem3 : PowerCC26XX_calibrateRCOSC.oem3 (.text:PowerCC26XX_auxISR)
                  00000da0    00000260     rtsv7M3_T_le_eabi.lib : _printfi.c.obj (.text:_pconv_a)

.text.2    0    00001330    00004e40     
                  00001330    0000022c     drivers_cc26x0r2.aem3 : PowerCC26XX.oem3 (.text:Power_sleep)
                  0000155c    00000220     driverlib.lib : sys_ctrl.obj (.text:NOROM_SysCtrlSetRechargeBeforePowerDown)
                  0000177c    000001cc     rtsv7M3_T_le_eabi.lib : _printfi.c.obj (.text:_pconv_g)
                  00001948    000001b6                           : fd_add_t2.asm.obj (.text)
                  00001afe    00000002     drivers_cc26x0r2.aem3 : PowerCC26XX.oem3 (.text:emptyClockFunc)
                  00001b00    000001b0                           : PINCC26XX.oem3 (.text:PIN_init)
                  00001cb0    00000190                           : PowerCC26XX_calibrateRCOSC.oem3 (.text:PowerCC26XX_doCalibrate)
                  00001e40    0000015c                           : ADCBufCC26XX.oem3 (.text:ADCBufCC26XX_open)
                  00001f9c    00000154                           : ADCBufCC26XX.oem3 (.text:ADCBufCC26XX_convert)
                  000020f0    0000014c     adcBufContinuousSampling.obj (.text:adcBufCallback)
                  0000223c    0000013c     rtsv7M3_T_le_eabi.lib : _printfi.c.obj (.text:_pconv_e)
                  00002378    00000136                           : fd_div_t2.asm.obj (.text)
                  000024ae    00000002                           : div0.asm.obj (.text)
                  000024b0    0000012c     drivers_cc26x0r2.aem3 : PowerCC26XX.oem3 (.text:Power_init)
                  000025dc    00000120     rtsv7M3_T_le_eabi.lib : _printfi.c.obj (.text:fcvt)
                  000026fc    00000114                           : fputs.c.obj (.text:fputs)
                  00002810    000000fc                           : fd_mul_t2.asm.obj (.text)
                  0000290c    000000f0     drivers_cc26x0r2.aem3 : PINCC26XX.oem3 (.text:PINCC26XX_setIoCfg)
                  000029fc    000000ec     rom_sysbios.aem3 : rom_sysbios.obj (.text:pthread_create)
                  00002ae8    000000e8     dpl_cc26x0r2.aem3 : PowerCC26XX_tirtos.oem3 (.text:PowerCC26XX_standbyPolicy)
                  00002bd0    000000dc     rtsv7M3_T_le_eabi.lib : setvbuf.c.obj (.text:setvbuf)
                  00002cac    000000d0     drivers_cc26x0r2.aem3 : GPTimerCC26XX.oem3 (.text:GPTimerCC26XX_open)
                  00002d7c    000000d0     rtsv7M3_T_le_eabi.lib : s_scalbn.c.obj (.text:scalbn)
                  00002e4c    000000bc     drivers_cc26x0r2.aem3 : PowerCC26XX.oem3 (.text:Power_releaseDependency)
                  00002f08    000000b8     driverlib.lib : aux_adc.obj (.text:NOROM_AUXADCEnableSync)
                  00002fc0    000000b4     drivers_cc26x0r2.aem3 : PowerCC26XX.oem3 (.text:Power_setDependency)
                  00003074    000000b1     rtsv7M3_T_le_eabi.lib : _printfi.c.obj (.text:_ltostr)
                  00003125    00000001     --HOLE-- [fill = 0]
                  00003126    00000002     release_pem3.oem3 (.text:ti_sysbios_BIOS_nullFunc__I)
                  00003128    000000ac     driverlib.lib : setup.obj (.text:NOROM_SetupTrimDevice)
                  000031d4    000000a4     drivers_cc26x0r2.aem3 : GPTimerCC26XX.oem3 (.text:GPTimerCC26XX_close)
                  00003278    000000a4                           : PowerCC26XX.oem3 (.text:switchXOSCHFclockFunc)
                  0000331c    000000a0     driverlib.lib : aux_adc.obj (.text:NOROM_AUXADCEnableAsync)
                  000033bc    000000a0     drivers_cc26x0r2.aem3 : PINCC26XX.oem3 (.text:PIN_open)
                  0000345c    000000a0     auto_init.aem3 : auto_init.oem3 (.text)
                  000034fc    000000a0     rom_sysbios.aem3 : rom_sysbios.obj (.text:ti_sysbios_knl_Task_setPri__E)
                  0000359c    0000009c     rtsv7M3_T_le_eabi.lib : memcpy_t2.asm.obj (.text)
                  00003638    00000098     adcBufContinuousSampling.obj (.text:mainThread)
                  000036d0    00000098     rom_sysbios.aem3 : rom_sysbios.obj (.text:ti_sysbios_knl_Clock_workFuncDynamic__E)
                  00003768    00000096     rtsv7M3_T_le_eabi.lib : ull_div_t2.asm.obj (.text)
                  000037fe    00000002     rom_sysbios.aem3 : rom_sysbios.obj (.text:xdc_runtime_SysCallback_defaultAbort)
                  00003800    00000090     driverlib.lib : setup.obj (.text:TrimAfterColdResetWakeupFromShutDown)
                  00003890    00000090     rom_sysbios.aem3 : rom_sysbios.obj (.text:ti_sysbios_family_arm_cc26xx_Timer_start__E)
                  00003920    0000008c     rtsv7M3_T_le_eabi.lib : fputc.c.obj (.text:fputc)
                  000039ac    00000088     driverlib.lib : aux_adc.obj (.text:NOROM_AUXADCDisable)
                  00003a34    00000088     rom_sysbios.aem3 : rom_sysbios.obj (.text:_pthread_removeThreadKeys)
                  00003abc    00000086     rtsv7M3_T_le_eabi.lib : fd_cmp_t2.asm.obj (.text:__aeabi_cdcmple)
                  00003b42    00000086                           : fd_cmp_t2.asm.obj (.text:__aeabi_cdrcmple)
                  00003bc8    00000084     CC2640R2_LAUNCHXL_fxns.obj (.text:CC2640R2_LAUNCHXL_sendExtFlashByte)
                  00003c4c    00000080     drivers_cc26x0r2.aem3 : ADCBufCC26XX.oem3 (.text:ADCBufCC26XX_hwiFxn)
                  00003ccc    0000007a     rtsv7M3_T_le_eabi.lib : memset_t2.asm.obj (.text)
                  00003d46    00000002     rom_sysbios.aem3 : rom_sysbios.obj (.text:xdc_runtime_SysCallback_defaultExit)
                  00003d48    00000074     rtsv7M3_T_le_eabi.lib : fclose.c.obj (.text:__TI_closefile)
                  00003dbc    00000070     driverlib.lib : sys_ctrl.obj (.text:NOROM_SysCtrlAdjustRechargeAfterPowerDown)
                  00003e2c    00000070     drivers_cc26x0r2.aem3 : PowerCC26XX.oem3 (.text:lfClockReadyCallback)
                  00003e9c    0000006e     rtsv7M3_T_le_eabi.lib : _printfi.c.obj (.text:_mcpy)
                  00003f0a    00000002     --HOLE-- [fill = 0]
                  00003f0c    0000006c     driverlib.lib : osc.obj (.text:NOROM_OSCHF_AttemptToSwitchToXosc)
                  00003f78    0000006c     drivers_cc26x0r2.aem3 : PowerCC26XX_calibrateRCOSC.oem3 (.text:PowerCC26XX_initiateCalibration)
                  00003fe4    0000006c                           : PowerCC26XX.oem3 (.text:configureXOSCHF)
                  00004050    00000068                           : ADCBufCC26XX.oem3 (.text:ADCBufCC26XX_control)
                  000040b8    00000068     rtsv7M3_T_le_eabi.lib : hostlseek.c.obj (.text:HOSTlseek)
                  00004120    00000068                           : hostrename.c.obj (.text:HOSTrename)
                  00004188    00000068     driverlib.lib : sys_ctrl.obj (.text:NOROM_SysCtrl_DCDC_VoltageConditionalControl)
                  000041f0    00000068     rtsv7M3_T_le_eabi.lib : copy_decompress_lzss.c.obj (.text:decompress:lzss:__TI_decompress_lzss)
                  00004258    00000068                           : printf.c.obj (.text:printf)
                  000042c0    00000064                           : fseek.c.obj (.text:fseek)
                  00004324    00000064     main_tirtos.obj (.text:main)
                  00004388    00000062     rtsv7M3_T_le_eabi.lib : _io_perm.c.obj (.text:__TI_wrt_ok)
                  000043ea    00000002     --HOLE-- [fill = 0]
                  000043ec    00000060                           : hostopen.c.obj (.text:HOSTopen)
                  0000444c    00000060     drivers_cc26x0r2.aem3 : PowerCC26XX.oem3 (.text:PowerCC26XX_calibrate)
                  000044ac    0000005c                           : ADCBufCC26XX.oem3 (.text:ADCBufCC26XX_cleanADC)
                  00004508    0000005c                           : PowerCC26XX_calibrateRCOSC.oem3 (.text:PowerCC26XX_RCOSC_clockFunc)
                  00004564    0000005c                           : UDMACC26XX.oem3 (.text:UDMACC26XX_open)
                  000045c0    0000005c     rtsv7M3_T_le_eabi.lib : close.c.obj (.text:close)
                  0000461c    0000005c                           : s_frexp.c.obj (.text:frexp)
                  00004678    0000005c     rom_sysbios.aem3 : rom_sysbios.obj (.text:ti_sysbios_heaps_HeapMem_initPrimary__I)
                  000046d4    0000005c     release_pem3.oem3 (.text:xdc_runtime_Startup_getState__I)
                  00004730    00000058     drivers_cc26x0r2.aem3 : ADCBufCC26XX.oem3 (.text:ADCBufCC26XX_loadDMAControlTableEntry)
                  00004788    00000058                           : GPTimerCC26XX.oem3 (.text:GPTimerCC26XX_stop)
                  000047e0    00000058     rtsv7M3_T_le_eabi.lib : hostread.c.obj (.text:HOSTread)
                  00004838    00000058                           : hostwrite.c.obj (.text:HOSTwrite)
                  00004890    00000058     drivers_cc26x0r2.aem3 : PINCC26XX.oem3 (.text:PIN_remove)
                  000048e8    00000058     rom_sysbios.aem3 : rom_sysbios.obj (.text:pthread_exit)
                  00004940    00000056     rtsv7M3_T_le_eabi.lib : _printfi.c.obj (.text:_pconv_f)
                  00004996    00000054                           : ltoa.c.obj (.text:ltoa)
                  000049ea    00000052                           : _printfi.c.obj (.text:_ecpy)
                  00004a3c    00000050     drivers_cc26x0r2.aem3 : ADCBufCC26XX.oem3 (.text:ADCBufCC26XX_loadGPTDMAControlTableEntry)
                  00004a8c    00000050     dpl_cc26x0r2.aem3 : ClockP_tirtos.oem3 (.text:ClockP_construct)
                  00004adc    0000004e     drivers_cc26x0r2.aem3 : ADCBufCC26XX.oem3 (.text:ADCBufCC26XX_close)
                  00004b2a    00000002     --HOLE-- [fill = 0]
                  00004b2c    0000004c     CC2640R2_LAUNCHXL_fxns.obj (.text:CC2640R2_LAUNCHXL_wakeUpExtFlash)
                  00004b78    0000004c     drivers_cc26x0r2.aem3 : GPTimerCC26XX.oem3 (.text:GPTimerCC26XX_start)
                  00004bc4    0000004c     rtsv7M3_T_le_eabi.lib : fflush.c.obj (.text:__TI_doflush)
                  00004c10    0000004c                           : atoi.c.obj (.text:atoi)
                  00004c5c    0000004c                           : cpy_tbl.c.obj (.text:copy_in)
                  00004ca8    00000048                           : fd_toi_t2.asm.obj (.text)
                  00004cf0    00000048     rom_sysbios.aem3 : rom_sysbios.obj (.text:ti_sysbios_family_arm_cc26xx_Timer_setThreshold__I)
                  00004d38    00000044     rtsv7M3_T_le_eabi.lib : hostclose.c.obj (.text:HOSTclose)
                  00004d7c    00000044                           : hostunlink.c.obj (.text:HOSTunlink)
                  00004dc0    00000044     driverlib.lib : osc.obj (.text:NOROM_OSCHF_SwitchToRcOscTurnOffXosc)
                  00004e04    00000044     boot.aem3 : boot.oem3 (.text)
                  00004e48    00000044     rtsv7M3_T_le_eabi.lib : getdevice.c.obj (.text:getdevice)
                  00004e8c    00000040     drivers_cc26x0r2.aem3 : ADCBufCC26XX.oem3 (.text:ADCBufCC26XX_convertAdjustedToMicroVolts)
                  00004ecc    00000040                           : ADCBuf.oem3 (.text:ADCBuf_init)
                  00004f0c    00000040                           : ADCBuf.oem3 (.text:ADCBuf_open)
                  00004f4c    00000040     CC2640R2_LAUNCHXL_fxns.obj (.text:CC2640R2_LAUNCHXL_shutDownExtFlash)
                  00004f8c    00000040     drivers_cc26x0r2.aem3 : PINCC26XX.oem3 (.text:PIN_swi)
                  00004fcc    0000003e     dpl_cc26x0r2.aem3 : HwiP_tirtos.oem3 (.text:HwiP_construct)
                  0000500a    0000003e     rtsv7M3_T_le_eabi.lib : _printfi.c.obj (.text:_fcpy)
                  00005048    0000003c     drivers_cc26x0r2.aem3 : ADCBufCC26XX.oem3 (.text:ADCBufCC26XX_swiFxn)
                  00005084    0000003c     driverlib.lib : osc.obj (.text:NOROM_OSC_HPOSCRelativeFrequencyOffsetGet)
                  000050c0    0000003c     dpl_cc26x0r2.aem3 : SwiP_tirtos.oem3 (.text:SwiP_construct)
                  000050fc    0000003c     drivers_cc26x0r2.aem3 : PowerCC26XX.oem3 (.text:disableLfClkQualifiersEnableClkLoss)
                  00005138    0000003c     rom_sysbios.aem3 : rom_sysbios.obj (.text:sleep)
                  00005174    0000003c                      : rom_sysbios.obj (.text:ti_sysbios_family_arm_m3_Hwi_construct2__E)
                  000051b0    0000003a     drivers_cc26x0r2.aem3 : ADCBufCC26XX.oem3 (.text:ADCBufCC26XX_adjustRawValues)
                  000051ea    00000002     --HOLE-- [fill = 0]
                  000051ec    00000038                           : PINCC26XX.oem3 (.text:PIN_setConfig)
                  00005224    00000038                           : PINCC26XX.oem3 (.text:PIN_setOutputValue)
                  0000525c    00000038     rtsv7M3_T_le_eabi.lib : trgmsg.c.obj (.text:__TI_writemsg)
                  00005294    00000036     drivers_cc26x0r2.aem3 : UDMACC26XX.oem3 (.text:UDMACC26XX_close)
                  000052ca    00000036     rtsv7M3_T_le_eabi.lib : strncpy.c.obj (.text:strncpy)
                  00005300    00000036     rom_sysbios.aem3 : rom_sysbios.obj (.text:ti_sysbios_family_arm_cc26xx_Timer_setNextTick__E)
                  00005336    00000002     --HOLE-- [fill = 0]
                  00005338    00000034     drivers_cc26x0r2.aem3 : GPTimerCC26XX.oem3 (.text:GPTimerCC26XXSetLoadMatch)
                  0000536c    00000034                           : PowerCC26XX.oem3 (.text:Power_releaseConstraint)
                  000053a0    00000034     rtsv7M3_T_le_eabi.lib : fopen.c.obj (.text:__TI_cleanup)
                  000053d4    00000034                           : trgmsg.c.obj (.text:__TI_readmsg)
                  00005408    00000034     drivers_cc26x0r2.aem3 : PowerCC26XX.oem3 (.text:notify)
                  0000543c    00000034     rom_sysbios.aem3 : rom_sysbios.obj (.text:ti_sysbios_family_arm_cc26xx_Timer_initDevice__I)
                  00005470    00000032     drivers_cc26x0r2.aem3 : ADCBufCC26XX.oem3 (.text:ADCBufCC26XX_convertCancel)
                  000054a2    00000002     --HOLE-- [fill = 0]
                  000054a4    00000030     driverlib.lib : aux_adc.obj (.text:NOROM_AUXADCDisableInputScaling)
                  000054d4    00000030     drivers_cc26x0r2.aem3 : PowerCC26XX.oem3 (.text:Power_setConstraint)
                  00005504    00000030     rtsv7M3_T_le_eabi.lib : getdevice.c.obj (.text:finddevice)
                  00005534    00000030     release_pem3.oem3 (.text:ti_sysbios_BIOS_atExitFunc__I)
                  00005564    00000030     release_pem3.oem3 (.text:ti_sysbios_BIOS_startFunc__I)
                  00005594    00000030     rom_sysbios.aem3 : rom_sysbios.obj (.text:ti_sysbios_family_arm_cc26xx_Timer_getCurrentTick__E)
                  000055c4    0000002e     rtsv7M3_T_le_eabi.lib : i_tofd_t2.asm.obj (.text)
                  000055f2    0000002e     release_pem3.oem3 (.text:ti_sysbios_rts_gnu_MemAlloc_alloc)
                  00005620    0000002c     drivers_cc26x0r2.aem3 : ADCBufCC26XX.oem3 (.text:ADCBufCC26XX_releaseADCSemaphore)
                  0000564c    0000002c     driverlib.lib : chipinfo.obj (.text:NOROM_ChipInfo_GetChipFamily)
                  00005678    0000002c                   : adi.obj (.text:SafeHapiAuxAdiSelect)
                  000056a4    0000002c     dpl_cc26x0r2.aem3 : SemaphoreP_tirtos.oem3 (.text:SemaphoreP_constructBinary)
                  000056d0    0000002c     rom_sysbios.aem3 : rom_sysbios.obj (.text:_pthread_delete$44)
                  000056fc    0000002c                      : rom_sysbios.obj (.text:pthread_setcancelstate)
                  00005728    0000002c                      : rom_sysbios.obj (.text:ti_sysbios_knl_Clock_getTicksUntilInterrupt__E)
                  00005754    0000002c     rtsv7M3_T_le_eabi.lib : unlink.c.obj (.text:unlink)
                  00005780    00000028     drivers_cc26x0r2.aem3 : GPTimerCC26XX.oem3 (.text:GPTimerCC26XX_configureDebugStall)
                  000057a8    00000028     driverlib.lib : chipinfo.obj (.text:NOROM_ChipInfo_GetChipType)
                  000057d0    00000028                   : adi.obj (.text:SafeHapiVoid)
                  000057f8    00000028     rtsv7M3_T_le_eabi.lib : lseek.c.obj (.text:lseek)
                  00005820    00000028                           : write.c.obj (.text:write)
                  00005848    00000024     drivers_cc26x0r2.aem3 : GPTimerCC26XX.oem3 (.text:GPTimerCC26XX_enableInterrupt)
                  0000586c    00000024     driverlib.lib : osc.obj (.text:NOROM_OSCHF_TurnOnXosc)
                  00005890    00000024     rom_sysbios.aem3 : rom_sysbios.obj (.text:_pthread_cleanupFxn)
                  000058b4    00000024                      : rom_sysbios.obj (.text:pthread_attr_init)
                  000058d8    00000024     release_pem3.oem3 (.text:ti_sysbios_BIOS_registerRTSLock__I)
                  000058fc    00000024     release_pem3.oem3 (.text:ti_sysbios_BIOS_removeRTSLock__I)
                  00005920    00000024     rom_sysbios.aem3 : rom_sysbios.obj (.text:ti_sysbios_family_arm_cc26xx_Timer_getMaxTicks__E)
                  00005944    00000022     driverlib.lib : aux_adc.obj (.text:NOROM_AUXADCAdjustValueForGainAndOffset)
                  00005966    00000020     drivers_cc26x0r2.aem3 : GPTimerCC26XX.oem3 (.text:GPTimerCC26XXReverseLookupMask)
                  00005986    00000002     --HOLE-- [fill = 0]
                  00005988    00000020                           : PINCC26XX.oem3 (.text:PINCC26XX_setIoCfgMux)
                  000059a8    00000020     rtsv7M3_T_le_eabi.lib : memchr.c.obj (.text:memchr)
                  000059c8    00000020     release_pem3.oem3 (.text:ti_sysbios_BIOS_rtsLock__I)
                  000059e8    00000020     rom_sysbios.aem3 : rom_sysbios.obj (.text:ti_sysbios_family_arm_cc26xx_Timer_dynamicStub__E)
                  00005a08    00000020                      : rom_sysbios.obj (.text:xdc_runtime_Error_policyMin__E)
                  00005a28    0000001e     drivers_cc26x0r2.aem3 : PINCC26XX.oem3 (.text:PIN_close)
                  00005a46    0000001e                           : PowerCC26XX.oem3 (.text:Power_getTransitionLatency)
                  00005a64    0000001c     CC2640R2_LAUNCHXL.obj (.text:CC2640R2_LAUNCHXL_initGeneral)
                  00005a80    0000001c     driverlib.lib : aux_adc.obj (.text:NOROM_AUXADCGetAdjustmentGain)
                  00005a9c    0000001c     drivers_cc26x0r2.aem3 : PINCC26XX.oem3 (.text:PIN_hwi)
                  00005ab8    0000001c     rom_sysbios.aem3 : rom_sysbios.obj (.text:ti_sysbios_family_arm_m3_Hwi_clearInterrupt__E)
                  00005ad4    0000001c                      : rom_sysbios.obj (.text:ti_sysbios_knl_Swi_construct2__E)
                  00005af0    0000001a     release_pem3.oem3 (.text:free)
                  00005b0a    0000001a     rtsv7M3_T_le_eabi.lib : memccpy.c.obj (.text:memccpy)
                  00005b24    00000018     driverlib.lib : aux_adc.obj (.text:NOROM_AUXADCGetAdjustmentOffset)
                  00005b3c    00000018                   : chipinfo.obj (.text:NOROM_ChipInfo_GetPackageType)
                  00005b54    00000018                   : timer.obj (.text:NOROM_TimerStallControl)
                  00005b6c    00000018     dpl_cc26x0r2.aem3 : PowerCC26XX_tirtos.oem3 (.text:PowerCC26XX_schedulerDisable)
                  00005b84    00000018                       : PowerCC26XX_tirtos.oem3 (.text:PowerCC26XX_schedulerRestore)
                  00005b9c    00000018     drivers_cc26x0r2.aem3 : PowerCC26XX.oem3 (.text:Power_idleFunc)
                  00005bb4    00000018     rtsv7M3_T_le_eabi.lib : args_main.c.obj (.text:_args_main)
                  00005bcc    00000018                           : ll_mul_t2.asm.obj (.text)
                  00005be4    00000018                           : strcmp.c.obj (.text:strcmp)
                  00005bfc    00000018     release_pem3.oem3 (.text:ti_sysbios_BIOS_rtsUnlock__I)
                  00005c14    00000018     rom_sysbios.aem3 : rom_sysbios.obj (.text:ti_sysbios_knl_Swi_or__E)
                  00005c2c    00000018                      : rom_sysbios.obj (.text:ti_sysbios_rts_ti_ReentSupport_getReent__F)
                  00005c44    00000018                      : rom_sysbios.obj (.text:xdc_runtime_Error_init__E)
                  00005c5c    00000016                      : rom_sysbios.obj (.text:_pthread_cleanup_pop)
                  00005c72    00000016     rtsv7M3_T_le_eabi.lib : strchr.c.obj (.text:strchr)
                  00005c88    00000016                           : strcpy.c.obj (.text:strcpy)
                  00005c9e    00000016     release_pem3.oem3 (.text:ti_sysbios_BIOS_errorRaiseHook__I)
                  00005cb4    00000016     release_pem3.oem3 (.text:ti_sysbios_BIOS_exitFunc__I)
                  00005cca    00000002     --HOLE-- [fill = 0]
                  00005ccc    00000014     drivers_cc26x0r2.aem3 : ADCBuf.oem3 (.text:ADCBuf_Params_init)
                  00005ce0    00000014     driverlib.lib : aux_adc.obj (.text:NOROM_AUXADCValueToMicrovolts)
                  00005cf4    00000014     drivers_cc26x0r2.aem3 : PINCC26XX.oem3 (.text:PINCC26XX_getOutputValue)
                  00005d08    00000014                           : PowerCC26XX.oem3 (.text:configureRFCoreClocks)
                  00005d1c    00000014     rom_sysbios.aem3 : rom_sysbios.obj (.text:pthread_attr_setschedparam)
                  00005d30    00000014     rtsv7M3_T_le_eabi.lib : strlen.c.obj (.text:strlen)
                  00005d44    00000014     rom_sysbios.aem3 : rom_sysbios.obj (.text:ti_sysbios_family_arm_cc26xx_Timer_getCount64__E)
                  00005d58    00000014     release_pem3.oem3 (.text:ti_sysbios_knl_Clock_doTick__I)
                  00005d6c    00000012     drivers_cc26x0r2.aem3 : GPTimerCC26XX.oem3 (.text:GPTimerCC26XX_Params_init)
                  00005d7e    00000012     dpl_cc26x0r2.aem3 : SemaphoreP_tirtos.oem3 (.text:SemaphoreP_pend)
                  00005d90    00000012     rom_sysbios.aem3 : rom_sysbios.obj (.text:_pthread_runStub$44)
                  00005da2    00000012     rtsv7M3_T_le_eabi.lib : wcslen.c.obj (.text:wcslen)
                  00005db4    00000012     release_pem3.oem3 (.text:xdc_runtime_Startup_exec__I)
                  00005dc6    00000010     dpl_cc26x0r2.aem3 : HwiP_tirtos.oem3 (.text:HwiP_Params_init)
                  00005dd6    00000002     --HOLE-- [fill = 0]
                  00005dd8    00000010     driverlib.lib : aux_adc.obj (.text:NOROM_AUXADCFlushFifo)
                  00005de8    00000010     drivers_cc26x0r2.aem3 : PINCC26XX.oem3 (.text:PINCC26XX_getPinCount)
                  00005df8    00000010     dpl_cc26x0r2.aem3 : SwiP_tirtos.oem3 (.text:SwiP_Params_init)
                  00005e08    0000000e     drivers_cc26x0r2.aem3 : ADCBuf.oem3 (.text:ADCBuf_convertAdjustedToMicroVolts)
                  00005e16    0000000e     driverlib.lib : chipinfo.obj (.text:NOROM_ThisLibraryIsFor_CC26x0R2_HaltIfViolated)
                  00005e24    0000000e     rtsv7M3_T_le_eabi.lib : copy_decompress_none.c.obj (.text:decompress:none:__TI_decompress_none)
                  00005e32    0000000e     rom_sysbios.aem3 : rom_sysbios.obj (.text:pthread_attr_setdetachstate)
                  00005e40    0000000e                      : rom_sysbios.obj (.text:ti_sysbios_family_arm_cc26xx_TimestampProvider_get32__E)
                  00005e4e    0000000c     driverlib.lib : cpu.obj (.text:NOROM_CPUcpsid)
                  00005e5a    0000000c                   : cpu.obj (.text:NOROM_CPUcpsie)
                  00005e66    0000000c                   : osc.obj (.text:NOROM_OSC_HPOSCRelativeFrequencyOffsetToRFCoreFormatConvert)
                  00005e72    00000002     --HOLE-- [fill = 0]
                  00005e74    0000000c     drivers_cc26x0r2.aem3 : PowerCC26XX.oem3 (.text:Power_getConstraintMask)
                  00005e80    0000000c                           : PowerCC26XX.oem3 (.text:Power_getDependencyCount)
                  00005e8c    0000000c     rtsv7M3_T_le_eabi.lib : _lock.c.obj (.text:_register_lock)
                  00005e98    0000000c                           : _lock.c.obj (.text:_register_unlock)
                  00005ea4    0000000c                           : s_copysign.c.obj (.text:copysign)
                  00005eb0    0000000c                           : copy_zero_init.c.obj (.text:decompress:ZI:__TI_zero_init)
                  00005ebc    0000000c     rom_sysbios.aem3 : rom_sysbios.obj (.text:pthread_self)
                  00005ec8    0000000c                      : rom_sysbios.obj (.text:ti_sysbios_BIOS_getThreadType__E)
                  00005ed4    0000000c                      : rom_sysbios.obj (.text:ti_sysbios_knl_Swi_getTrigger__E)
                  00005ee0    0000000a     drivers_cc26x0r2.aem3 : ADCBuf.oem3 (.text:ADCBuf_adjustRawValues)
                  00005eea    0000000a                           : ADCBuf.oem3 (.text:ADCBuf_convert)
                  00005ef4    0000000a                           : ADCBuf.oem3 (.text:ADCBuf_convertCancel)
                  00005efe    0000000a     dpl_cc26x0r2.aem3 : ClockP_tirtos.oem3 (.text:ClockP_Params_init)
                  00005f08    0000000a     drivers_cc26x0r2.aem3 : UDMACC26XX.oem3 (.text:UDMACC26XX_hwiIntFxn)
                  00005f12    0000000a     release_pem3.oem3 (.text:ti_sysbios_rts_ti_ReentSupport_getTlsAddr__I)
                  00005f1c    00000008     drivers_cc26x0r2.aem3 : ADCBufCC26XX.oem3 (.text:ADCBufCC26XX_conversionCallback)
                  00005f24    00000008                           : ADCBufCC26XX.oem3 (.text:ADCBufCC26XX_init)
                  00005f2c    00000008     CC2640R2_LAUNCHXL.obj (.text:Board_init)
                  00005f34    00000008     CC2640R2_LAUNCHXL_fxns.obj (.text:Board_initHook)
                  00005f3c    00000008     drivers_cc26x0r2.aem3 : GPTimerCC26XX.oem3 (.text:GPTimerCC26XX_setLoadValue)
                  00005f44    00000006     driverlib.lib : cpu.obj (.text:NOROM_CPUdelay)
                  00005f4a    00000006     rom_sysbios.aem3 : rom_sysbios.obj (.text:pthread_attr_setstacksize)
                  00005f50    00000004     drivers_cc26x0r2.aem3 : ADCBufCC26XX.oem3 (.text:ADCBufCC26XX_getResolution)
                  00005f54    00000004     dpl_cc26x0r2.aem3 : PowerCC26XX_tirtos.oem3 (.text:CPUwfi)
                  00005f58    00000004                       : ClockP_tirtos.oem3 (.text:ClockP_getCpuFreq)
                  00005f5c    00000004                       : ClockP_tirtos.oem3 (.text:ClockP_setTimeout)
                  00005f60    00000004                       : ClockP_tirtos.oem3 (.text:ClockP_start)
                  00005f64    00000004                       : ClockP_tirtos.oem3 (.text:ClockP_stop)
                  00005f68    00000004                       : HwiP_tirtos.oem3 (.text:HwiP_clearInterrupt)
                  00005f6c    00000004                       : HwiP_tirtos.oem3 (.text:HwiP_destruct)
                  00005f70    00000004                       : HwiP_tirtos.oem3 (.text:HwiP_disable)
                  00005f74    00000004                       : SemaphoreP_tirtos.oem3 (.text:SemaphoreP_destruct)
                  00005f78    00000004                       : SemaphoreP_tirtos.oem3 (.text:SemaphoreP_post)
                  00005f7c    00000004                       : SwiP_tirtos.oem3 (.text:SwiP_destruct)
                  00005f80    00000004                       : SwiP_tirtos.oem3 (.text:SwiP_disable)
                  00005f84    00000004                       : SwiP_tirtos.oem3 (.text:SwiP_getTrigger)
                  00005f88    00000004                       : SwiP_tirtos.oem3 (.text:SwiP_or)
                  00005f8c    00000004                       : SwiP_tirtos.oem3 (.text:SwiP_post)
                  00005f90    00000004     rom_sysbios.aem3 : rom_sysbios.obj (.text:__aeabi_errno_addr)
                  00005f94    00000004     rtsv7M3_T_le_eabi.lib : printf.c.obj (.text:_outc)
                  00005f98    00000004                           : printf.c.obj (.text:_outs)
                  00005f9c    00000004     drivers_cc26x0r2.aem3 : PowerCC26XX.oem3 (.text:nopResourceHandler)
                  00005fa0    00000004     rom_sysbios.aem3 : rom_sysbios.obj (.text:ti_sysbios_knl_Queue_insert__E)
                  00005fa4    00000004                      : rom_sysbios.obj (.text:ti_sysbios_knl_Task_getArg1__E)
                  00005fa8    00000004                      : rom_sysbios.obj (.text:ti_sysbios_knl_Task_getEnv__E)
                  00005fac    00000004     release_pem3.oem3 (.text:xdc_runtime_Startup_reset__I)
                  00005fb0    00000008     (.tramp.ti_sysbios_knl_Swi_destruct.1)
                  00005fb8    00000008     (.tramp.ti_sysbios_family_arm_m3_Hwi_disableFxn__E.1)
                  00005fc0    00000008     (.tramp.ti_sysbios_family_arm_m3_Hwi_destruct.1)
                  00005fc8    00000008     (.tramp.ti_sysbios_BIOS_getCpuFreq__E.1)
                  00005fd0    00000008     (.tramp.ti_sysbios_knl_Task_self__E.1)
                  00005fd8    00000008     (.tramp.xdc_runtime_Startup_startMods__I.1)
                  00005fe0    00000008     (.tramp.ti_sysbios_knl_Clock_logTick__E.1)
                  00005fe8    00000008     (.tramp.ti_sysbios_knl_Swi_post__E.1)
                  00005ff0    00000008     (.tramp.ti_sysbios_BIOS_RtsGateProxy_leave__E.1)
                  00005ff8    00000008     (.tramp.ti_sysbios_knl_Swi_construct.1)
                  00006000    00000008     (.tramp.ti_sysbios_BIOS_RtsGateProxy_enter__E.1)
                  00006008    00000008     (.tramp.ti_sysbios_knl_Task_delete.1)
                  00006010    00000008     (.tramp.ti_sysbios_knl_Semaphore_destruct.1)
                  00006018    00000008     (.tramp.ti_sysbios_knl_Task_startup__E.1)
                  00006020    00000008     (.tramp.ti_sysbios_knl_Swi_startup__E.1)
                  00006028    00000008     (.tramp.ti_sysbios_hal_Hwi_startup__E.1)
                  00006030    00000008     (.tramp.ti_sysbios_family_arm_cc26xx_Timer_startup__E.1)
                  00006038    00000008     (.tramp.xdc_runtime_System_atexit__E.1)
                  00006040    00000008     (.tramp.ti_sysbios_BIOS_linkedWithIncorrectBootLibrary__E.1)
                  00006048    00000008     (.tramp.xdc_runtime_Startup_rtsDone__E.1)
                  00006050    00000008     (.tramp.ti_sysbios_BIOS_setThreadType__E.1)
                  00006058    00000008     (.tramp.ti_sysbios_knl_Swi_disable__E.1)
                  00006060    00000008     (.tramp.ti_sysbios_family_arm_m3_Hwi_construct.1)
                  00006068    00000008     (.tramp.ti_sysbios_knl_Task_sleep__E.1)
                  00006070    00000008     (.tramp.ti_sysbios_knl_Swi_Params__init__S.1)
                  00006078    00000008     (.tramp.ti_sysbios_family_arm_m3_Hwi_Params__init__S.1)
                  00006080    00000008     (.tramp.xdc_runtime_System_exit__E.1)
                  00006088    00000008     (.tramp.ti_sysbios_knl_Clock_construct.1)
                  00006090    00000008     (.tramp.ti_sysbios_knl_Clock_Params__init__S.1)
                  00006098    00000008     (.tramp.ti_sysbios_heaps_HeapMem_restore__E.1)
                  000060a0    00000008     (.tramp.ti_sysbios_heaps_HeapMem_Object__get__S.1)
                  000060a8    00000008     (.tramp.ti_sysbios_BIOS_start__E.1)
                  000060b0    00000008     (.tramp.ti_sysbios_knl_Semaphore_post__E.1)
                  000060b8    00000008     (.tramp.xdc_runtime_Memory_free__E.1)
                  000060c0    00000008     (.tramp.ti_sysbios_knl_Queue_next__E.1)
                  000060c8    00000008     (.tramp.ti_sysbios_knl_Queue_head__E.1)
                  000060d0    00000008     (.tramp.ti_sysbios_knl_Semaphore_pend__E.1)
                  000060d8    00000008     (.tramp.ti_sysbios_knl_Clock_scheduleNextTick__E.1)
                  000060e0    00000008     (.tramp.ti_sysbios_knl_Clock_walkQueueDynamic__E.1)
                  000060e8    00000008     (.tramp.ti_sysbios_knl_Clock_TimerProxy_getCurrentTick__E.1)
                  000060f0    00000008     (.tramp.ti_sysbios_knl_Task_restore__E.1)
                  000060f8    00000008     (.tramp.ti_sysbios_knl_Queue_enqueue__E.1)
                  00006100    00000008     (.tramp.ti_sysbios_knl_Queue_empty__E.1)
                  00006108    00000008     (.tramp.ti_sysbios_knl_Queue_remove__E.1)
                  00006110    00000008     (.tramp.ti_sysbios_knl_Task_disable__E.1)
                  00006118    00000008     (.tramp.ti_sysbios_knl_Clock_stop__E.1)
                  00006120    00000008     (.tramp.ti_sysbios_knl_Clock_start__E.1)
                  00006128    00000008     (.tramp.ti_sysbios_knl_Clock_setTimeout__E.1)
                  00006130    00000008     (.tramp.ti_sysbios_knl_Task_create.1)
                  00006138    00000008     (.tramp.ti_sysbios_knl_Semaphore_construct.1)
                  00006140    00000008     (.tramp.ti_sysbios_knl_Semaphore_Params__init__S.1)
                  00006148    00000008     (.tramp.ti_sysbios_knl_Queue_construct.1)
                  00006150    00000008     (.tramp.xdc_runtime_Memory_alloc__E.1)
[...]
1001bfb5  ti_sysbios_heaps_HeapMem_Module_GateProxy_Params__init__S__mangled__      
1001bfc1  ti_sysbios_knl_Clock_Params__init__S                                      
1001bfcd  ti_sysbios_knl_Clock_getTimerHandle__E                                    
1001bfd9  ti_sysbios_knl_Event_Params__init__S                                      
1001bfe5  ti_sysbios_knl_Mailbox_Params__init__S                                    
1001bff1  ti_sysbios_knl_Queue_dequeue__E                                           
1001bffd  ti_sysbios_knl_Queue_enqueue__E                                           
1001c009  ti_sysbios_knl_Semaphore_Params__init__S                                  
1001c015  ti_sysbios_knl_Swi_Params__init__S                                        
1001c021  ti_sysbios_knl_Task_Params__init__S                                       
1001c02d  ti_sysbios_knl_Task_self__E                                               
1001c039  ti_sysbios_hal_Hwi_Instance_finalize__E                                   
1001c043  ti_sysbios_family_arm_m3_Hwi_doSwiRestore__I                              
1001c04b  ti_sysbios_family_arm_m3_Hwi_startup__E                                   
1001c04b  ti_sysbios_hal_Hwi_HwiProxy_startup__E                                    
1001c04b  ti_sysbios_hal_Hwi_HwiProxy_startup__E__mangled__                         
1001c04b  ti_sysbios_hal_Hwi_startup__E                                             
1001c04b  ti_sysbios_hal_Hwi_startup__E                                             
1001c053  ti_sysbios_knl_Idle_loop__E                                               
1001c05b  ti_sysbios_family_arm_m3_Hwi_doTaskRestore__I                             
1001c061  HwiP_restore                                                              
1001c061  ti_sysbios_family_arm_m3_Hwi_restoreFxn__E                                
1001c067  ti_sysbios_gates_GateHwi_leave__E                                         
1001c06d  ti_sysbios_heaps_HeapMem_isBlocking__E                                    
1001c073  ti_sysbios_knl_Queue_Instance_init__E                                     
1001c079  ti_sysbios_knl_Queue_elemClear__E                                         
1001c07f  ti_sysbios_knl_Swi_Module_startup__E                                      
1001c085  ti_sysbios_knl_Swi_startup__E                                             
1001c08b  ti_sysbios_knl_Task_enable__E                                             
1001c091  ti_sysbios_BIOS_RtsGateProxy_enter__E                                     
1001c095  ti_sysbios_BIOS_RtsGateProxy_leave__E                                     
1001c099  ti_sysbios_family_arm_cc26xx_Timer_getExpiredTicks__E                     
1001c09d  ti_sysbios_family_arm_cc26xx_Timer_getPeriod__E                           
1001c0a1  ti_sysbios_family_arm_cc26xx_Timer_setPeriod__E                           
1001c0a5  ti_sysbios_family_arm_m3_Hwi_delete                                       
1001c0a9  ti_sysbios_family_arm_m3_Hwi_destruct                                     
1001c0ad  ti_sysbios_family_arm_m3_TaskSupport_Module__startupDone__S               
1001c0ad  ti_sysbios_knl_Task_SupportProxy_Module__startupDone__S                   
1001c0ad  ti_sysbios_knl_Task_SupportProxy_Module__startupDone__S__mangled__        
1001c0b1  ti_sysbios_gates_GateHwi_query__E                                         
1001c0b1  xdc_runtime_Main_Module_GateProxy_query__E                                
1001c0b1  xdc_runtime_System_Module_GateProxy_query__E                              
1001c0b1  xdc_runtime_System_Module_GateProxy_query__E__mangled__                   
1001c0b5  ti_sysbios_gates_GateMutex_delete                                         
1001c0b9  ti_sysbios_gates_GateMutex_destruct                                       
1001c0bd  ti_sysbios_BIOS_RtsGateProxy_query__E                                     
1001c0bd  ti_sysbios_BIOS_RtsGateProxy_query__E__mangled__                          
1001c0bd  ti_sysbios_gates_GateMutex_query__E                                       
1001c0bd  ti_sysbios_heaps_HeapMem_Module_GateProxy_query__E                        
1001c0bd  ti_sysbios_heaps_HeapMem_Module_GateProxy_query__E__mangled__             
1001c0c1  ti_sysbios_hal_Hwi_HwiProxy_delete                                        
1001c0c5  ti_sysbios_hal_Hwi_delete                                                 
1001c0c9  ti_sysbios_heaps_HeapMem_Module_GateProxy_enter__E                        
1001c0cd  ti_sysbios_heaps_HeapMem_Module_GateProxy_leave__E                        
1001c0d1  ti_sysbios_knl_Clock_TimerProxy_getExpiredTicks__E                        
1001c0d5  ti_sysbios_knl_Clock_TimerProxy_getPeriod__E                              
1001c0d9  ti_sysbios_knl_Clock_delete                                               
1001c0dd  ti_sysbios_knl_Clock_destruct                                             
1001c0e1  ti_sysbios_knl_Clock_removeI__E                                           
1001c0e5  ti_sysbios_knl_Clock_setTimeout__E                                        
1001c0e9  ti_sysbios_knl_Event_delete                                               
1001c0ed  ti_sysbios_knl_Event_destruct                                             
1001c0f1  ti_sysbios_knl_Mailbox_delete                                             
1001c0f5  ti_sysbios_knl_Mailbox_destruct                                           
1001c0f9  ti_sysbios_knl_Queue_delete                                               
1001c0fd  ti_sysbios_knl_Queue_destruct                                             
1001c101  ti_sysbios_knl_Queue_head__E                                              
1001c105  ti_sysbios_knl_Queue_next__E                                              
1001c109  ti_sysbios_knl_Semaphore_delete                                           
1001c10d  ti_sysbios_knl_Semaphore_destruct                                         
1001c111  ti_sysbios_knl_Swi_delete                                                 
1001c115  ti_sysbios_knl_Swi_destruct                                               
1001c119  ti_sysbios_knl_Swi_postInit__I                                            
1001c11d  ti_sysbios_knl_Task_delete                                                
1001c121  ti_sysbios_knl_Task_destruct                                              
1001c125  ti_sysbios_knl_Task_startup__E                                            
1001c129  xdc_runtime_Startup_startMods__I                                          
1001c2c9  xdc_runtime_Core_createObject__I                                          
1001c349  xdc_runtime_Memory_alloc__E                                               
1001c3b5  xdc_runtime_Core_deleteObject__I                                          
1001c413  xdc_runtime_Error_policySpin__E                                           
1001c415  xdc_runtime_Startup_exec__E                                               
1001c465  xdc_runtime_Assert_raise__I                                               
1001c4ad  xdc_runtime_Core_assignParams__I                                          
1001c4f5  xdc_runtime_Core_constructObject__I                                       
1001c581  xdc_runtime_System_atexit__E                                              
1001c5b9  xdc_runtime_Core_assignLabel__I                                           
1001c5ed  xdc_runtime_System_processAtExit__E                                       
1001c621  xdc_runtime_Text_cordText__E                                              
1001c64d  xdc_runtime_System_abort__E                                               
1001c66d  xdc_runtime_Error_raiseX__E                                               
1001c689  xdc_runtime_Memory_valloc__E                                              
1001c6a5  xdc_runtime_Core_destructObject__I                                        
1001c6bd  xdc_runtime_Error_check__E                                                
1001c6d5  xdc_runtime_System_exit__E                                                
1001c6ed  xdc_runtime_Text_ropeText__E                                              
1001c705  xdc_runtime_Memory_free__E                                                
1001c715  xdc_runtime_SysCallback_abort__E                                          
1001c715  xdc_runtime_System_SupportProxy_abort__E                                  
1001c725  xdc_runtime_SysCallback_exit__E                                           
1001c725  xdc_runtime_System_SupportProxy_exit__E                                   
1001c735  xdc_runtime_Timestamp_SupportProxy_get32__E                               
1001c735  xdc_runtime_Timestamp_get32__E                                            
1001c735  xdc_runtime_Timestamp_get32__E                                            
1001c751  xdc_runtime_Memory_calloc__E                                              
1001c75d  xdc_runtime_Memory_getMaxDefaultTypeAlign__E                              
1001c769  xdc_runtime_Startup_rtsDone__E                                            
1001c775  xdc_runtime_Memory_HeapProxy_alloc__E                                     
1001c77f  xdc_runtime_Memory_HeapProxy_free__E                                      
1001c789  xdc_runtime_Gate_leaveSystem__E                                           
1001c78f  xdc_runtime_System_Module_startup__E                                      
1001c795  xdc_runtime_Gate_enterSystem__E                                           
1001c799  xdc_runtime_System_Module_GateProxy_enter__E                              
1001c79d  xdc_runtime_System_Module_GateProxy_leave__E                              
1001c7a1  xdc_runtime_System_abortSpin__E                                           
1001c7a3  xdc_runtime_System_exitSpin__E                                            
1001c7a5  ti_sysbios_family_arm_m3_Hwi_dispatch__I                                  
1001c86d  ti_sysbios_family_arm_m3_TaskSupport_buildTaskStack                       
1001c8b9  ti_sysbios_family_arm_m3_Hwi_initStacks__E                                
1001c901  ti_sysbios_family_arm_m3_Hwi_excHandlerAsm__I                             
1001c921  ti_sysbios_family_xxx_Hwi_switchAndRunFunc                                
1001c93f  ti_sysbios_family_arm_m3_Hwi_pendSV__I                                    
1001c957  ti_sysbios_family_arm_m3_Hwi_return                                       
1001c959  ti_sysbios_family_arm_m3_TaskSupport_glue                                 
1001c969  ti_sysbios_family_arm_m3_TaskSupport_swap__E                              
1001c969  ti_sysbios_knl_Task_SupportProxy_swap__E                                  
1001c969  ti_sysbios_knl_Task_SupportProxy_swap__E__mangled__                       
1001c971  ti_sysbios_knl_Task_swapReturn                                            
1001c978  ti_sysbios_knl_Task_Object__PARAMS__C                                     
1001c9b4  ti_sysbios_knl_Mailbox_Object__PARAMS__C                                  
1001c9e8  ti_sysbios_family_arm_m3_Hwi_Object__PARAMS__C                            
1001ca18  ti_sysbios_hal_Hwi_Object__PARAMS__C                                      
1001ca44  ti_sysbios_knl_Swi_Object__PARAMS__C                                      
1001ca6c  ti_sysbios_heaps_HeapMem_Object__PARAMS__C                                
1001ca90  ti_sysbios_knl_Clock_Object__PARAMS__C                                    
1001cab4  ti_sysbios_knl_Semaphore_Object__PARAMS__C                                
1001cad8  ti_sysbios_gates_GateHwi_Object__PARAMS__C                                
1001caf0  ti_sysbios_gates_GateMutex_Object__PARAMS__C                              
1001cb08  ti_sysbios_knl_Event_Object__PARAMS__C                                    
1001cb20  ti_sysbios_knl_Queue_Object__PARAMS__C                                    
1001cb68  ti_sysbios_gates_GateMutex_Instance_State_sem__O                          
1001cb6c  ti_sysbios_knl_Clock_Module_State_clockQ__O                               
1001cb70  ti_sysbios_knl_Event_Instance_State_pendQ__O                              
1001cb74  ti_sysbios_knl_Mailbox_Instance_State_dataQue__O                          
1001cb78  ti_sysbios_knl_Mailbox_Instance_State_dataSem__O                          
1001cb7c  ti_sysbios_knl_Mailbox_Instance_State_freeQue__O                          
1001cb80  ti_sysbios_knl_Mailbox_Instance_State_freeSem__O                          
1001cb84  ti_sysbios_knl_Semaphore_Instance_State_pendQ__O                          
1001cb88  ti_sysbios_knl_Task_Module_State_inactiveQ__O                             
20000000  ti_sysbios_family_arm_m3_Hwi_ramVectors                                   
20000100  ti_sysbios_knl_Task_Module__state__V                                      
20000144  ti_sysbios_family_arm_m3_Hwi_Module__state__V                             
20000178  ti_sysbios_knl_Clock_Module__state__V                                     
200001a4  ti_sysbios_BIOS_Module__state__V                                          
200001c8  ti_sysbios_knl_Swi_Module__state__V                                       
200001e4  ti_sysbios_family_arm_cc26xx_Timer_Module__state__V                       
200001ec  ti_sysbios_family_arm_cc26xx_TimestampProvider_Module__state__V           
200001f0  xdc_runtime_Startup_Module__state__V                                      
200001f8  xdc_runtime_System_Module__state__V                                       
20000200  xdc_runtime_Memory_Module__state__V                                       
20000204  xdc_runtime_Error_Module__state__V                                        
200006a0  microVoltBuffer                                                           
20001640  array                                                                     
20001e10  sampleBufferOne                                                           
200025e0  sampleBufferTwo                                                           
20002db0  ti_sysbios_knl_Task_Instance_State_0_stack__A                             
20002fb0  __CIOBUF_                                                                 
200030d0  gptimerCC26XXObjects                                                      
200031f0  ti_sysbios_family_arm_m3_Hwi_dispatchTable                                
200032b8  adcBufCC26xxObjects                                                       
20003360  __TI_tmpnams                                                              
20003400  udmaObjects                                                               
20003440  PowerCC26XX_taskKey                                                       
20003444  PowerCC26XX_swiKey                                                        
20003450  parmbuf                                                                   
2000345c  ClockP_tickPeriod                                                         
20003460  driverlib_release_0_56883                                                 
20003468  __primary_heap_start__                                                    
20004468  __primary_heap_end__                                                      
20004468  pinUpperBound                                                             
2000446c  pinLowerBound                                                             
20004500  pinHandleTable                                                            
2000457c  PowerCC26XX_module                                                        
20004690  _ftable                                                                   
20004808  _device                                                                   
20004880  ti_sysbios_gates_GateMutex_Object__table__V                               
200048d4  _stream                                                                   
20004924  ti_sysbios_knl_Task_Object__table__V                                      
20004970  ti_sysbios_family_arm_cc26xx_Timer_Object__table__V                       
200049b8  ti_sysbios_knl_Swi_Module_State_0_readyQ__A                               
200049e8  ti_sysbios_knl_Swi_Object__table__V                                       
20004a18  ti_sysbios_knl_Task_Module_State_0_readyQ__A                              
20004a48  ti_sysbios_knl_Clock_Object__table__V                                     
20004a68  xdc_runtime_Error_IgnoreBlock                                             
20004a88  ti_sysbios_family_arm_m3_Hwi_Object__table__V                             
20004aa0  ti_sysbios_heaps_HeapMem_Object__table__V                                 
20004ab8  __TI_ft_end                                                               
20004abc  __aeabi_stdin                                                             
20004ac0  __aeabi_stdout                                                            
20004ac4  __aeabi_stderr                                                            
20004ac8  __TI_cleanup_ptr                                                          
20004acc  __TI_dtors_ptr                                                            
20004ad0  __TI_enable_exit_profile_output                                           
20004ad4  pinTable                                                                  
20004ae0  _lock                                                                     
20004ae4  _unlock                                                                   
20004ae8  ti_sysbios_family_arm_m3_Hwi_Module__root__V                              
20004af0  ti_sysbios_gates_GateHwi_Module__root__V                                  
20004af8  ti_sysbios_gates_GateMutex_Module__root__V                                
20004b00  ti_sysbios_hal_Hwi_Module__root__V                                        
20004b08  ti_sysbios_heaps_HeapMem_Module__root__V                                  
20004b10  ti_sysbios_knl_Clock_Module__root__V                                      
20004b18  ti_sysbios_knl_Event_Module__root__V                                      
20004b20  ti_sysbios_knl_Mailbox_Module__root__V                                    
20004b28  ti_sysbios_knl_Queue_Module__root__V                                      
20004b30  ti_sysbios_knl_Semaphore_Module__root__V                                  
20004b38  ti_sysbios_knl_Swi_Module__root__V                                        
20004b40  ti_sysbios_knl_Task_Module__root__V                                       
20004b48  xdc_runtime_System_Module_State_0_atexitHandlers__A                       
20004b50  main_func_sp                                                              
20004b54  ti_sysbios_family_arm_m3_Hwi_Module_State_0_excContext__A                 
20004b58  ti_sysbios_family_arm_m3_Hwi_Module_State_0_excStack__A                   
20004b5c  ti_sysbios_knl_Task_Module_State_0_idleTask__A                            
20004b60  ti_sysbios_family_arm_m3_Hwi_Module_State_0_excActive__A                  
20004c00  __stack                                                                   
20005000  __STACK_END                                                               
e000e000  ti_sysbios_family_arm_m3_Hwi_nvic                                         
ffffffff  __TI_pprof_out_hndl                                                       
ffffffff  __TI_prof_data_size                                                       
ffffffff  __TI_prof_data_start                                                      
ffffffff  __binit__                                                                 
ffffffff  __c_args__                                                                
ffffffff  binit                                                                     
UNDEFED   SHT$$INIT_ARRAY$$Base                                                     
UNDEFED   SHT$$INIT_ARRAY$$Limit                                                    

[876 symbols]
